Archive member included to satisfy reference by file (symbol)

C:/Program Files (x86)/Arm GNU Toolchain arm-none-eabi/14.2 rel1/bin/../lib/gcc/arm-none-eabi/14.2.1/thumb/v7e-m+fp/hard\libc_nano.a(libc_a-exit.o)
                              C:/Program Files (x86)/Arm GNU Toolchain arm-none-eabi/14.2 rel1/bin/../lib/gcc/arm-none-eabi/14.2.1/thumb/v7e-m+fp/hard/crt0.o (exit)
C:/Program Files (x86)/Arm GNU Toolchain arm-none-eabi/14.2 rel1/bin/../lib/gcc/arm-none-eabi/14.2.1/thumb/v7e-m+fp/hard\libc_nano.a(libc_a-malloc.o)
                              build/usbd_cdc.o (malloc)
C:/Program Files (x86)/Arm GNU Toolchain arm-none-eabi/14.2 rel1/bin/../lib/gcc/arm-none-eabi/14.2.1/thumb/v7e-m+fp/hard\libc_nano.a(libc_a-mallocr.o)
                              C:/Program Files (x86)/Arm GNU Toolchain arm-none-eabi/14.2 rel1/bin/../lib/gcc/arm-none-eabi/14.2.1/thumb/v7e-m+fp/hard\libc_nano.a(libc_a-malloc.o) (_malloc_r)
C:/Program Files (x86)/Arm GNU Toolchain arm-none-eabi/14.2 rel1/bin/../lib/gcc/arm-none-eabi/14.2.1/thumb/v7e-m+fp/hard\libc_nano.a(libc_a-mlock.o)
                              C:/Program Files (x86)/Arm GNU Toolchain arm-none-eabi/14.2 rel1/bin/../lib/gcc/arm-none-eabi/14.2.1/thumb/v7e-m+fp/hard\libc_nano.a(libc_a-mallocr.o) (__malloc_lock)
C:/Program Files (x86)/Arm GNU Toolchain arm-none-eabi/14.2 rel1/bin/../lib/gcc/arm-none-eabi/14.2.1/thumb/v7e-m+fp/hard\libc_nano.a(libc_a-findfp.o)
                              C:/Program Files (x86)/Arm GNU Toolchain arm-none-eabi/14.2 rel1/bin/../lib/gcc/arm-none-eabi/14.2.1/thumb/v7e-m+fp/hard\libc_nano.a(libc_a-exit.o) (__stdio_exit_handler)
C:/Program Files (x86)/Arm GNU Toolchain arm-none-eabi/14.2 rel1/bin/../lib/gcc/arm-none-eabi/14.2.1/thumb/v7e-m+fp/hard\libc_nano.a(libc_a-fwalk.o)
                              C:/Program Files (x86)/Arm GNU Toolchain arm-none-eabi/14.2 rel1/bin/../lib/gcc/arm-none-eabi/14.2.1/thumb/v7e-m+fp/hard\libc_nano.a(libc_a-findfp.o) (_fwalk_sglue)
C:/Program Files (x86)/Arm GNU Toolchain arm-none-eabi/14.2 rel1/bin/../lib/gcc/arm-none-eabi/14.2.1/thumb/v7e-m+fp/hard\libc_nano.a(libc_a-printf.o)
                              build/main.o (printf)
C:/Program Files (x86)/Arm GNU Toolchain arm-none-eabi/14.2 rel1/bin/../lib/gcc/arm-none-eabi/14.2.1/thumb/v7e-m+fp/hard\libc_nano.a(libc_a-puts.o)
                              build/main.o (puts)
C:/Program Files (x86)/Arm GNU Toolchain arm-none-eabi/14.2 rel1/bin/../lib/gcc/arm-none-eabi/14.2.1/thumb/v7e-m+fp/hard\libc_nano.a(libc_a-stdio.o)
                              C:/Program Files (x86)/Arm GNU Toolchain arm-none-eabi/14.2 rel1/bin/../lib/gcc/arm-none-eabi/14.2.1/thumb/v7e-m+fp/hard\libc_nano.a(libc_a-findfp.o) (__sread)
C:/Program Files (x86)/Arm GNU Toolchain arm-none-eabi/14.2 rel1/bin/../lib/gcc/arm-none-eabi/14.2.1/thumb/v7e-m+fp/hard\libc_nano.a(libc_a-wbuf.o)
                              C:/Program Files (x86)/Arm GNU Toolchain arm-none-eabi/14.2 rel1/bin/../lib/gcc/arm-none-eabi/14.2.1/thumb/v7e-m+fp/hard\libc_nano.a(libc_a-puts.o) (__swbuf_r)
C:/Program Files (x86)/Arm GNU Toolchain arm-none-eabi/14.2 rel1/bin/../lib/gcc/arm-none-eabi/14.2.1/thumb/v7e-m+fp/hard\libc_nano.a(libc_a-wsetup.o)
                              C:/Program Files (x86)/Arm GNU Toolchain arm-none-eabi/14.2 rel1/bin/../lib/gcc/arm-none-eabi/14.2.1/thumb/v7e-m+fp/hard\libc_nano.a(libc_a-puts.o) (__swsetup_r)
C:/Program Files (x86)/Arm GNU Toolchain arm-none-eabi/14.2 rel1/bin/../lib/gcc/arm-none-eabi/14.2.1/thumb/v7e-m+fp/hard\libc_nano.a(libc_a-memset.o)
                              C:/Program Files (x86)/Arm GNU Toolchain arm-none-eabi/14.2 rel1/bin/../lib/gcc/arm-none-eabi/14.2.1/thumb/v7e-m+fp/hard/crt0.o (memset)
C:/Program Files (x86)/Arm GNU Toolchain arm-none-eabi/14.2 rel1/bin/../lib/gcc/arm-none-eabi/14.2.1/thumb/v7e-m+fp/hard\libc_nano.a(libc_a-closer.o)
                              C:/Program Files (x86)/Arm GNU Toolchain arm-none-eabi/14.2 rel1/bin/../lib/gcc/arm-none-eabi/14.2.1/thumb/v7e-m+fp/hard\libc_nano.a(libc_a-stdio.o) (_close_r)
C:/Program Files (x86)/Arm GNU Toolchain arm-none-eabi/14.2 rel1/bin/../lib/gcc/arm-none-eabi/14.2.1/thumb/v7e-m+fp/hard\libc_nano.a(libc_a-reent.o)
                              C:/Program Files (x86)/Arm GNU Toolchain arm-none-eabi/14.2 rel1/bin/../lib/gcc/arm-none-eabi/14.2.1/thumb/v7e-m+fp/hard\libc_nano.a(libc_a-closer.o) (errno)
C:/Program Files (x86)/Arm GNU Toolchain arm-none-eabi/14.2 rel1/bin/../lib/gcc/arm-none-eabi/14.2.1/thumb/v7e-m+fp/hard\libc_nano.a(libc_a-impure.o)
                              C:/Program Files (x86)/Arm GNU Toolchain arm-none-eabi/14.2 rel1/bin/../lib/gcc/arm-none-eabi/14.2.1/thumb/v7e-m+fp/hard\libc_nano.a(libc_a-malloc.o) (_impure_ptr)
C:/Program Files (x86)/Arm GNU Toolchain arm-none-eabi/14.2 rel1/bin/../lib/gcc/arm-none-eabi/14.2.1/thumb/v7e-m+fp/hard\libc_nano.a(libc_a-lseekr.o)
[...]
Memory Configuration

Name             Origin             Length             Attributes
RAM              0x20000000         0x00040000         xrw
FLASH            0x08000000         0x00080000         xr
*default*        0x00000000         0xffffffff

Linker script and memory map

LOAD C:/Program Files (x86)/Arm GNU Toolchain arm-none-eabi/14.2 rel1/bin/../lib/gcc/arm-none-eabi/14.2.1/thumb/v7e-m+fp/hard/crti.o
LOAD C:/Program Files (x86)/Arm GNU Toolchain arm-none-eabi/14.2 rel1/bin/../lib/gcc/arm-none-eabi/14.2.1/thumb/v7e-m+fp/hard/crtbegin.o
LOAD C:/Program Files (x86)/Arm GNU Toolchain arm-none-eabi/14.2 rel1/bin/../lib/gcc/arm-none-eabi/14.2.1/thumb/v7e-m+fp/hard/crt0.o
LOAD build/main.o
LOAD build/stm32f7xx_it.o
LOAD build/stm32f7xx_hal_msp.o
LOAD build/stm32f7xx_hal_cortex.o
LOAD build/stm32f7xx_hal_i2c.o
LOAD build/stm32f7xx_hal_i2c_ex.o
LOAD build/stm32f7xx_hal_rcc.o
LOAD build/stm32f7xx_hal_rcc_ex.o
LOAD build/stm32f7xx_hal_flash.o
LOAD build/stm32f7xx_hal_flash_ex.o
LOAD build/stm32f7xx_hal_gpio.o
LOAD build/stm32f7xx_hal_dma.o
LOAD build/stm32f7xx_hal_dma_ex.o
LOAD build/stm32f7xx_hal_pwr.o
LOAD build/stm32f7xx_hal_pwr_ex.o
LOAD build/stm32f7xx_hal.o
LOAD build/stm32f7xx_hal_exti.o
LOAD build/stm32f7xx_ll_sdmmc.o
LOAD build/stm32f7xx_hal_sd.o
LOAD build/stm32f7xx_hal_mmc.o
LOAD build/stm32f7xx_hal_spi.o
LOAD build/stm32f7xx_hal_spi_ex.o
LOAD build/stm32f7xx_hal_tim.o
LOAD build/stm32f7xx_hal_tim_ex.o
LOAD build/stm32f7xx_ll_usb.o
LOAD build/system_stm32f7xx.o
LOAD build/sysmem.o
LOAD build/syscalls.o
LOAD build/stm32f7xx_hal_pcd.o
LOAD build/stm32f7xx_hal_pcd_ex.o
LOAD build/usb_device.o
LOAD build/usbd_desc.o
LOAD build/usbd_cdc_if.o
LOAD build/usbd_conf.o
LOAD build/usbd_core.o
LOAD build/usbd_ctlreq.o
LOAD build/usbd_ioreq.o
LOAD build/usbd_cdc.o
LOAD build/bsp_driver_sd.o
LOAD build/sd_diskio.o
LOAD build/fatfs_platform.o
LOAD build/fatfs.o
LOAD build/diskio.o
LOAD build/ff.o
LOAD build/ff_gen_drv.o
LOAD build/syscall.o
LOAD build/startup_stm32f722xx.o
LOAD C:/Program Files (x86)/Arm GNU Toolchain arm-none-eabi/14.2 rel1/bin/../lib/gcc/arm-none-eabi/14.2.1/thumb/v7e-m+fp/hard\libc_nano.a
LOAD C:/Program Files (x86)/Arm GNU Toolchain arm-none-eabi/14.2 rel1/bin/../lib/gcc/arm-none-eabi/14.2.1/thumb/v7e-m+fp/hard\libm.a
LOAD C:/Program Files (x86)/Arm GNU Toolchain arm-none-eabi/14.2 rel1/bin/../lib/gcc/arm-none-eabi/14.2.1/thumb/v7e-m+fp/hard\libnosys.a
START GROUP
LOAD C:/Program Files (x86)/Arm GNU Toolchain arm-none-eabi/14.2 rel1/bin/../lib/gcc/arm-none-eabi/14.2.1/thumb/v7e-m+fp/hard\libgcc.a
LOAD C:/Program Files (x86)/Arm GNU Toolchain arm-none-eabi/14.2 rel1/bin/../lib/gcc/arm-none-eabi/14.2.1/thumb/v7e-m+fp/hard\libc_nano.a
END GROUP
START GROUP
LOAD C:/Program Files (x86)/Arm GNU Toolchain arm-none-eabi/14.2 rel1/bin/../lib/gcc/arm-none-eabi/14.2.1/thumb/v7e-m+fp/hard\libgcc.a
LOAD C:/Program Files (x86)/Arm GNU Toolchain arm-none-eabi/14.2 rel1/bin/../lib/gcc/arm-none-eabi/14.2.1/thumb/v7e-m+fp/hard\libc_nano.a
END GROUP
LOAD C:/Program Files (x86)/Arm GNU Toolchain arm-none-eabi/14.2 rel1/bin/../lib/gcc/arm-none-eabi/14.2.1/thumb/v7e-m+fp/hard/crtend.o
LOAD C:/Program Files (x86)/Arm GNU Toolchain arm-none-eabi/14.2 rel1/bin/../lib/gcc/arm-none-eabi/14.2.1/thumb/v7e-m+fp/hard/crtn.o
                0x20040000                        _estack = (ORIGIN (RAM) + LENGTH (RAM))
                0x00000200                        _Min_Heap_Size = 0x200
                0x00000400                        _Min_Stack_Size = 0x400

.isr_vector     0x08000000      0x1e0
                0x08000000                        . = ALIGN (0x4)
 *(.isr_vector)
 .isr_vector    0x08000000      0x1e0 build/startup_stm32f722xx.o
                0x08000000                g_pfnVectors
                0x080001e0                        . = ALIGN (0x4)

.text           0x080001e0     0x8be8
                0x080001e0                        . = ALIGN (0x4)
 *(.text)
 .text          0x080001e0       0xa0 C:/Program Files (x86)/Arm GNU Toolchain arm-none-eabi/14.2 rel1/bin/../lib/gcc/arm-none-eabi/14.2.1/thumb/v7e-m+fp/hard\libc_nano.a(libc_a-memchr.o)
                0x080001e0                memchr
 .text          0x08000280       0x30 C:/Program Files (x86)/Arm GNU Toolchain arm-none-eabi/14.2 rel1/bin/../lib/gcc/arm-none-eabi/14.2.1/thumb/v7e-m+fp/hard\libgcc.a(_aeabi_uldivmod.o)
                0x08000280                __aeabi_uldivmod
 .text          0x080002b0        0x4 C:/Program Files (x86)/Arm GNU Toolchain arm-none-eabi/14.2 rel1/bin/../lib/gcc/arm-none-eabi/14.2.1/thumb/v7e-m+fp/hard\libgcc.a(_dvmd_tls.o)
                0x080002b0                __aeabi_idiv0
                0x080002b0                __aeabi_ldiv0
 *(.text*)
 .text.deregister_tm_clones
                0x080002b4       0x1c C:/Program Files (x86)/Arm GNU Toolchain arm-none-eabi/14.2 rel1/bin/../lib/gcc/arm-none-eabi/14.2.1/thumb/v7e-m+fp/hard/crtbegin.o
 .text.register_tm_clones
                0x080002d0       0x24 C:/Program Files (x86)/Arm GNU Toolchain arm-none-eabi/14.2 rel1/bin/../lib/gcc/arm-none-eabi/14.2.1/thumb/v7e-m+fp/hard/crtbegin.o
 .text.__do_global_dtors_aux
                0x080002f4       0x28 C:/Program Files (x86)/Arm GNU Toolchain arm-none-eabi/14.2 rel1/bin/../lib/gcc/arm-none-eabi/14.2.1/thumb/v7e-m+fp/hard/crtbegin.o
 .text.frame_dummy
                0x0800031c       0x24 C:/Program Files (x86)/Arm GNU Toolchain arm-none-eabi/14.2 rel1/bin/../lib/gcc/arm-none-eabi/14.2.1/thumb/v7e-m+fp/hard/crtbegin.o
 .text.MX_SDMMC1_SD_Init
                0x08000340       0x20 build/main.o
 .text.MPU_Config
                0x08000360       0x52 build/main.o
 *fill*         0x080003b2        0x2 
 .text.MX_GPIO_Init
                0x080003b4      0x118 build/main.o
 .text.I2C_Scan
                0x080004cc       0x68 build/main.o
                0x080004cc                I2C_Scan
 .text.ICM_SPI_Write
                0x08000534       0x40 build/main.o
                0x08000534                ICM_SPI_Write
 .text.Sensor_Check
                0x08000574       0x6c build/main.o
                0x08000574                Sensor_Check
 .text.TestICM45686
                0x080005e0       0x74 build/main.o
                0x080005e0                TestICM45686
 .text.ReadBank
                0x08000654       0x34 build/main.o
                0x08000654                ReadBank
 .text.ICM_SPI_Read
                0x08000688       0x48 build/main.o
                0x08000688                ICM_SPI_Read
 .text.ICM_DumpRegisters
                0x080006d0       0x24 build/main.o
                0x080006d0                ICM_DumpRegisters
 .text.ICM_Init
                0x080006f4       0x48 build/main.o
                0x080006f4                ICM_Init
 .text.ICM_ReadAccelX
                0x0800073c       0x18 build/main.o
                0x0800073c                ICM_ReadAccelX
 .text._write   0x08000754       0x16 build/main.o
                0x08000754                _write
 .text.Error_Handler
                0x0800076a        0x4 build/main.o
                0x0800076a                Error_Handler
 *fill*         0x0800076e        0x2 
 .text.MX_I2C1_Init
                0x08000770       0x54 build/main.o
 .text.MX_SPI1_Init
                0x080007c4       0x4c build/main.o
 .text.MX_TIM2_Init
                0x08000810       0xa4 build/main.o
 .text.SystemClock_Config
                0x080008b4       0xb0 build/main.o
                0x080008b4                SystemClock_Config
 .text.main     0x08000964       0x78 build/main.o
                0x08000964                main
 .text.NMI_Handler
                0x080009dc        0x2 build/stm32f7xx_it.o
                0x080009dc                NMI_Handler
 .text.HardFault_Handler
                0x080009de        0x2 build/stm32f7xx_it.o
                0x080009de                HardFault_Handler
 .text.MemManage_Handler
                0x080009e0        0x2 build/stm32f7xx_it.o
                0x080009e0                MemManage_Handler
 .text.BusFault_Handler
                0x080009e2        0x2 build/stm32f7xx_it.o
                0x080009e2                BusFault_Handler
 .text.UsageFault_Handler
                0x080009e4        0x2 build/stm32f7xx_it.o
                0x080009e4                UsageFault_Handler
 .text.SVC_Handler
                0x080009e6        0x2 build/stm32f7xx_it.o
                0x080009e6                SVC_Handler
 .text.DebugMon_Handler
                0x080009e8        0x2 build/stm32f7xx_it.o
                0x080009e8                DebugMon_Handler
 .text.PendSV_Handler
                0x080009ea        0x2 build/stm32f7xx_it.o
                0x080009ea                PendSV_Handler
 .text.SysTick_Handler
                0x080009ec        0x8 build/stm32f7xx_it.o
                0x080009ec                SysTick_Handler
 .text.OTG_FS_IRQHandler
                0x080009f4       0x10 build/stm32f7xx_it.o
                0x080009f4                OTG_FS_IRQHandler
 .text.HAL_MspInit
                0x08000a04       0x30 build/stm32f7xx_hal_msp.o
                0x08000a04                HAL_MspInit
 .text.HAL_I2C_MspInit
                0x08000a34       0x8c build/stm32f7xx_hal_msp.o
                0x08000a34                HAL_I2C_MspInit
 .text.HAL_SD_MspInit
                0x08000ac0       0xcc build/stm32f7xx_hal_msp.o
                0x08000ac0                HAL_SD_MspInit
 .text.HAL_SPI_MspInit
                0x08000b8c       0x68 build/stm32f7xx_hal_msp.o
                0x08000b8c                HAL_SPI_MspInit
 .text.HAL_TIM_Base_MspInit
                0x08000bf4       0x26 build/stm32f7xx_hal_msp.o
                0x08000bf4                HAL_TIM_Base_MspInit
 *fill*         0x08000c1a        0x2 
 .text.HAL_TIM_MspPostInit
                0x08000c1c       0x4c build/stm32f7xx_hal_msp.o
                0x08000c1c                HAL_TIM_MspPostInit
 .text.__NVIC_SetPriority
                0x08000c68       0x24 build/stm32f7xx_hal_cortex.o
 .text.NVIC_EncodePriority
                0x08000c8c       0x3e build/stm32f7xx_hal_cortex.o
 *fill*         0x08000cca        0x2 
 .text.HAL_NVIC_SetPriorityGrouping
                0x08000ccc       0x24 build/stm32f7xx_hal_cortex.o
                0x08000ccc                HAL_NVIC_SetPriorityGrouping
 .text.HAL_NVIC_SetPriority
                0x08000cf0       0x20 build/stm32f7xx_hal_cortex.o
                0x08000cf0                HAL_NVIC_SetPriority
 .text.HAL_NVIC_EnableIRQ
                0x08000d10       0x1c build/stm32f7xx_hal_cortex.o
                0x08000d10                HAL_NVIC_EnableIRQ
 .text.HAL_SYSTICK_Config
                0x08000d2c       0x28 build/stm32f7xx_hal_cortex.o
                0x08000d2c                HAL_SYSTICK_Config
 .text.HAL_MPU_Disable
                0x08000d54       0x1c build/stm32f7xx_hal_cortex.o
                0x08000d54                HAL_MPU_Disable
 .text.HAL_MPU_Enable
                0x08000d70       0x20 build/stm32f7xx_hal_cortex.o
                0x08000d70                HAL_MPU_Enable
 .text.HAL_MPU_ConfigRegion
                0x08000d90       0x58 build/stm32f7xx_hal_cortex.o
                0x08000d90                HAL_MPU_ConfigRegion
 .text.I2C_Flush_TXDR
                0x08000de8       0x22 build/stm32f7xx_hal_i2c.o
 .text.I2C_TransferConfig
                0x08000e0a       0x3c build/stm32f7xx_hal_i2c.o
 .text.I2C_IsErrorOccurred
                0x08000e46      0x118 build/stm32f7xx_hal_i2c.o
 .text.I2C_WaitOnTXISFlagUntilTimeout
                0x08000f5e       0x60 build/stm32f7xx_hal_i2c.o
 .text.I2C_WaitOnFlagUntilTimeout
                0x08000fbe       0x7c build/stm32f7xx_hal_i2c.o
 *fill*         0x0800103a        0x2 
 .text.I2C_RequestMemoryRead
                0x0800103c       0x78 build/stm32f7xx_hal_i2c.o
 .text.I2C_WaitOnSTOPFlagUntilTimeout
                0x080010b4       0x5e build/stm32f7xx_hal_i2c.o
 .text.I2C_WaitOnRXNEFlagUntilTimeout
                0x08001112       0xaa build/stm32f7xx_hal_i2c.o
 .text.HAL_I2C_Init
                0x080011bc       0xc8 build/stm32f7xx_hal_i2c.o
                0x080011bc                HAL_I2C_Init
 .text.HAL_I2C_Master_Transmit
                0x08001284      0x1a4 build/stm32f7xx_hal_i2c.o
                0x08001284                HAL_I2C_Master_Transmit
 .text.HAL_I2C_Master_Receive
                0x08001428      0x17c build/stm32f7xx_hal_i2c.o
                0x08001428                HAL_I2C_Master_Receive
 .text.HAL_I2C_Mem_Read
                0x080015a4      0x1b0 build/stm32f7xx_hal_i2c.o
                0x080015a4                HAL_I2C_Mem_Read
 .text.HAL_I2C_IsDeviceReady
                0x08001754      0x168 build/stm32f7xx_hal_i2c.o
                0x08001754                HAL_I2C_IsDeviceReady
 .text.HAL_I2CEx_ConfigAnalogFilter
                0x080018bc       0x5a build/stm32f7xx_hal_i2c_ex.o
                0x080018bc                HAL_I2CEx_ConfigAnalogFilter
 .text.HAL_I2CEx_ConfigDigitalFilter
                0x08001916       0x56 build/stm32f7xx_hal_i2c_ex.o
                0x08001916                HAL_I2CEx_ConfigDigitalFilter
 .text.HAL_RCC_OscConfig
                0x0800196c      0x434 build/stm32f7xx_hal_rcc.o
                0x0800196c                HAL_RCC_OscConfig
 .text.HAL_RCC_GetSysClockFreq
                0x08001da0       0xa8 build/stm32f7xx_hal_rcc.o
                0x08001da0                HAL_RCC_GetSysClockFreq
 .text.HAL_RCC_ClockConfig
                0x08001e48      0x16c build/stm32f7xx_hal_rcc.o
                0x08001e48                HAL_RCC_ClockConfig
 .text.HAL_RCC_GetHCLKFreq
                0x08001fb4        0xc build/stm32f7xx_hal_rcc.o
                0x08001fb4                HAL_RCC_GetHCLKFreq
 .text.HAL_RCCEx_PeriphCLKConfig
                0x08001fc0      0x4e4 build/stm32f7xx_hal_rcc_ex.o
                0x08001fc0                HAL_RCCEx_PeriphCLKConfig
 .text.HAL_GPIO_Init
                0x080024a4      0x1e8 build/stm32f7xx_hal_gpio.o
                0x080024a4                HAL_GPIO_Init
 .text.HAL_GPIO_ReadPin
                0x0800268c        0xe build/stm32f7xx_hal_gpio.o
                0x0800268c                HAL_GPIO_ReadPin
 .text.HAL_GPIO_WritePin
                0x0800269a        0xc build/stm32f7xx_hal_gpio.o
                0x0800269a                HAL_GPIO_WritePin
 *fill*         0x080026a6        0x2 
 .text.HAL_PWR_EnableBkUpAccess
                0x080026a8       0x10 build/stm32f7xx_hal_pwr.o
                0x080026a8                HAL_PWR_EnableBkUpAccess
 .text.HAL_InitTick
                0x080026b8       0x4c build/stm32f7xx_hal.o
                0x080026b8                HAL_InitTick
 .text.HAL_Init
                0x08002704       0x16 build/stm32f7xx_hal.o
                0x08002704                HAL_Init
 *fill*         0x0800271a        0x2 
 .text.HAL_IncTick
                0x0800271c       0x18 build/stm32f7xx_hal.o
                0x0800271c                HAL_IncTick
 .text.HAL_GetTick
                0x08002734        0xc build/stm32f7xx_hal.o
                0x08002734                HAL_GetTick
 .text.HAL_Delay
                0x08002740       0x28 build/stm32f7xx_hal.o
                0x08002740                HAL_Delay
 .text.SDMMC_GetCmdError
                0x08002768       0x38 build/stm32f7xx_ll_sdmmc.o
 .text.SDMMC_Init
                0x080027a0       0x34 build/stm32f7xx_ll_sdmmc.o
                0x080027a0                SDMMC_Init
 .text.SDMMC_ReadFIFO
                0x080027d4        0x6 build/stm32f7xx_ll_sdmmc.o
                0x080027d4                SDMMC_ReadFIFO
 .text.SDMMC_WriteFIFO
                0x080027da        0xa build/stm32f7xx_ll_sdmmc.o
                0x080027da                SDMMC_WriteFIFO
 .text.SDMMC_PowerState_ON
                0x080027e4        0x8 build/stm32f7xx_ll_sdmmc.o
                0x080027e4                SDMMC_PowerState_ON
 .text.SDMMC_GetPowerState
                0x080027ec        0x8 build/stm32f7xx_ll_sdmmc.o
                0x080027ec                SDMMC_GetPowerState
 .text.SDMMC_SendCommand
                0x080027f4       0x20 build/stm32f7xx_ll_sdmmc.o
                0x080027f4                SDMMC_SendCommand
 .text.SDMMC_GetCommandResponse
                0x08002814        0x6 build/stm32f7xx_ll_sdmmc.o
                0x08002814                SDMMC_GetCommandResponse
 .text.SDMMC_GetResponse
                0x0800281a        0x6 build/stm32f7xx_ll_sdmmc.o
                0x0800281a                SDMMC_GetResponse
 .text.SDMMC_ConfigData
                0x08002820       0x24 build/stm32f7xx_ll_sdmmc.o
                0x08002820                SDMMC_ConfigData
 .text.SDMMC_CmdGoIdleState
                0x08002844       0x26 build/stm32f7xx_ll_sdmmc.o
                0x08002844                SDMMC_CmdGoIdleState
 *fill*         0x0800286a        0x2 
 .text.SDMMC_GetCmdResp1
                0x0800286c      0x154 build/stm32f7xx_ll_sdmmc.o
                0x0800286c                SDMMC_GetCmdResp1
 .text.SDMMC_CmdBlockLength
                0x080029c0       0x30 build/stm32f7xx_ll_sdmmc.o
                0x080029c0                SDMMC_CmdBlockLength
 .text.SDMMC_CmdReadSingleBlock
                0x080029f0       0x30 build/stm32f7xx_ll_sdmmc.o
                0x080029f0                SDMMC_CmdReadSingleBlock
 .text.SDMMC_CmdReadMultiBlock
                0x08002a20       0x30 build/stm32f7xx_ll_sdmmc.o
                0x08002a20                SDMMC_CmdReadMultiBlock
 .text.SDMMC_CmdWriteSingleBlock
                0x08002a50       0x30 build/stm32f7xx_ll_sdmmc.o
                0x08002a50                SDMMC_CmdWriteSingleBlock
 .text.SDMMC_CmdWriteMultiBlock
                0x08002a80       0x30 build/stm32f7xx_ll_sdmmc.o
                0x08002a80                SDMMC_CmdWriteMultiBlock
 .text.SDMMC_CmdStopTransfer
                0x08002ab0       0x34 build/stm32f7xx_ll_sdmmc.o
                0x08002ab0                SDMMC_CmdStopTransfer
 .text.SDMMC_CmdSelDesel
                0x08002ae4       0x30 build/stm32f7xx_ll_sdmmc.o
                0x08002ae4                SDMMC_CmdSelDesel
 .text.SDMMC_CmdAppCommand
                0x08002b14       0x30 build/stm32f7xx_ll_sdmmc.o
                0x08002b14                SDMMC_CmdAppCommand
 .text.SDMMC_CmdBusWidth
                0x08002b44       0x30 build/stm32f7xx_ll_sdmmc.o
                0x08002b44                SDMMC_CmdBusWidth
 .text.SDMMC_CmdSendSCR
                0x08002b74       0x30 build/stm32f7xx_ll_sdmmc.o
                0x08002b74                SDMMC_CmdSendSCR
 .text.SDMMC_CmdSendStatus
                0x08002ba4       0x30 build/stm32f7xx_ll_sdmmc.o
                0x08002ba4                SDMMC_CmdSendStatus
 .text.SDMMC_GetCmdResp2
                0x08002bd4       0x5c build/stm32f7xx_ll_sdmmc.o
                0x08002bd4                SDMMC_GetCmdResp2
 .text.SDMMC_CmdSendCID
                0x08002c30       0x2a build/stm32f7xx_ll_sdmmc.o
                0x08002c30                SDMMC_CmdSendCID
 .text.SDMMC_CmdSendCSD
                0x08002c5a       0x2a build/stm32f7xx_ll_sdmmc.o
                0x08002c5a                SDMMC_CmdSendCSD
 .text.SDMMC_GetCmdResp3
                0x08002c84       0x4c build/stm32f7xx_ll_sdmmc.o
                0x08002c84                SDMMC_GetCmdResp3
 .text.SDMMC_CmdAppOperCommand
                0x08002cd0       0x34 build/stm32f7xx_ll_sdmmc.o
                0x08002cd0                SDMMC_CmdAppOperCommand
 .text.SDMMC_GetCmdResp6
                0x08002d04       0xa0 build/stm32f7xx_ll_sdmmc.o
                0x08002d04                SDMMC_GetCmdResp6
 .text.SDMMC_CmdSetRelAdd
                0x08002da4       0x30 build/stm32f7xx_ll_sdmmc.o
                0x08002da4                SDMMC_CmdSetRelAdd
 .text.SDMMC_GetCmdResp7
                0x08002dd4       0x64 build/stm32f7xx_ll_sdmmc.o
                0x08002dd4                SDMMC_GetCmdResp7
 .text.SDMMC_CmdOperCond
                0x08002e38       0x2e build/stm32f7xx_ll_sdmmc.o
                0x08002e38                SDMMC_CmdOperCond
 *fill*         0x08002e66        0x2 
 .text.SD_PowerON
                0x08002e68       0xc0 build/stm32f7xx_hal_sd.o
 .text.SD_FindSCR
                0x08002f28      0x100 build/stm32f7xx_hal_sd.o
 .text.SD_WideBus_Enable
                0x08003028       0x4e build/stm32f7xx_hal_sd.o
 .text.SD_WideBus_Disable
                0x08003076       0x4e build/stm32f7xx_hal_sd.o
 .text.SD_SendStatus
                0x080030c4       0x2c build/stm32f7xx_hal_sd.o
 .text.HAL_SD_ReadBlocks
                0x080030f0      0x248 build/stm32f7xx_hal_sd.o
                0x080030f0                HAL_SD_ReadBlocks
 .text.HAL_SD_WriteBlocks
                0x08003338      0x208 build/stm32f7xx_hal_sd.o
                0x08003338                HAL_SD_WriteBlocks
 .text.HAL_SD_GetCardCSD
                0x08003540      0x1b8 build/stm32f7xx_hal_sd.o
                0x08003540                HAL_SD_GetCardCSD
 .text.SD_InitCard
                0x080036f8      0x100 build/stm32f7xx_hal_sd.o
 .text.HAL_SD_InitCard
                0x080037f8       0xa4 build/stm32f7xx_hal_sd.o
                0x080037f8                HAL_SD_InitCard
 .text.HAL_SD_Init
                0x0800389c       0x36 build/stm32f7xx_hal_sd.o
                0x0800389c                HAL_SD_Init
 .text.HAL_SD_GetCardInfo
                0x080038d2       0x24 build/stm32f7xx_hal_sd.o
                0x080038d2                HAL_SD_GetCardInfo
 *fill*         0x080038f6        0x2 
 .text.HAL_SD_ConfigWideBusOperation
                0x080038f8       0xc0 build/stm32f7xx_hal_sd.o
                0x080038f8                HAL_SD_ConfigWideBusOperation
 .text.HAL_SD_GetCardState
                0x080039b8       0x22 build/stm32f7xx_hal_sd.o
                0x080039b8                HAL_SD_GetCardState
 *fill*         0x080039da        0x2 
 .text.SPI_WaitFlagStateUntilTimeout
                0x080039dc       0xc8 build/stm32f7xx_hal_spi.o
 .text.SPI_WaitFifoStateUntilTimeout
                0x08003aa4       0xf0 build/stm32f7xx_hal_spi.o
 .text.SPI_EndRxTxTransaction
                0x08003b94       0xa0 build/stm32f7xx_hal_spi.o
 .text.HAL_SPI_Init
                0x08003c34       0xe8 build/stm32f7xx_hal_spi.o
                0x08003c34                HAL_SPI_Init
 .text.HAL_SPI_Transmit
                0x08003d1c      0x208 build/stm32f7xx_hal_spi.o
                0x08003d1c                HAL_SPI_Transmit
 .text.HAL_SPI_TransmitReceive
                0x08003f24      0x2f6 build/stm32f7xx_hal_spi.o
                0x08003f24                HAL_SPI_TransmitReceive
 *fill*         0x0800421a        0x2 
 .text.TIM_OC1_SetConfig
                0x0800421c       0x68 build/stm32f7xx_hal_tim.o
 .text.TIM_OC3_SetConfig
                0x08004284       0x70 build/stm32f7xx_hal_tim.o
 .text.TIM_OC4_SetConfig
                0x080042f4       0x54 build/stm32f7xx_hal_tim.o
 .text.TIM_OC5_SetConfig
                0x08004348       0x54 build/stm32f7xx_hal_tim.o
 .text.TIM_OC6_SetConfig
                0x0800439c       0x54 build/stm32f7xx_hal_tim.o
 .text.TIM_TI1_ConfigInputStage
                0x080043f0       0x26 build/stm32f7xx_hal_tim.o
 .text.TIM_TI2_ConfigInputStage
                0x08004416       0x28 build/stm32f7xx_hal_tim.o
 .text.TIM_ITRx_SetConfig
                0x0800443e       0x10 build/stm32f7xx_hal_tim.o
 .text.HAL_TIM_PWM_MspInit
                0x0800444e        0x2 build/stm32f7xx_hal_tim.o
                0x0800444e                HAL_TIM_PWM_MspInit
 .text.TIM_Base_SetConfig
                0x08004450      0x114 build/stm32f7xx_hal_tim.o
                0x08004450                TIM_Base_SetConfig
 .text.HAL_TIM_Base_Init
                0x08004564       0x60 build/stm32f7xx_hal_tim.o
                0x08004564                HAL_TIM_Base_Init
 .text.HAL_TIM_PWM_Init
                0x080045c4       0x60 build/stm32f7xx_hal_tim.o
                0x080045c4                HAL_TIM_PWM_Init
 .text.TIM_OC2_SetConfig
                0x08004624       0x70 build/stm32f7xx_hal_tim.o
                0x08004624                TIM_OC2_SetConfig
 .text.HAL_TIM_PWM_ConfigChannel
                0x08004694      0x13a build/stm32f7xx_hal_tim.o
                0x08004694                HAL_TIM_PWM_ConfigChannel
 .text.TIM_ETR_SetConfig
                0x080047ce       0x1a build/stm32f7xx_hal_tim.o
                0x080047ce                TIM_ETR_SetConfig
 .text.HAL_TIM_ConfigClockSource
                0x080047e8      0x100 build/stm32f7xx_hal_tim.o
                0x080047e8                HAL_TIM_ConfigClockSource
 .text.HAL_TIMEx_MasterConfigSynchronization
                0x080048e8       0xa0 build/stm32f7xx_hal_tim_ex.o
                0x080048e8                HAL_TIMEx_MasterConfigSynchronization
 .text.USB_CoreReset
                0x08004988       0x58 build/stm32f7xx_ll_usb.o
 .text.USB_CoreInit
                0x080049e0       0xc8 build/stm32f7xx_ll_usb.o
                0x080049e0                USB_CoreInit
 .text.USB_SetTurnaroundTime
                0x08004aa8       0xe4 build/stm32f7xx_ll_usb.o
                0x08004aa8                USB_SetTurnaroundTime
 .text.USB_EnableGlobalInt
                0x08004b8c        0xc build/stm32f7xx_ll_usb.o
                0x08004b8c                USB_EnableGlobalInt
 .text.USB_DisableGlobalInt
                0x08004b98        0xc build/stm32f7xx_ll_usb.o
                0x08004b98                USB_DisableGlobalInt
 .text.USB_FlushTxFifo
                0x08004ba4       0x4a build/stm32f7xx_ll_usb.o
                0x08004ba4                USB_FlushTxFifo
 .text.USB_FlushRxFifo
                0x08004bee       0x46 build/stm32f7xx_ll_usb.o
                0x08004bee                USB_FlushRxFifo
 .text.USB_SetDevSpeed
                0x08004c34        0xe build/stm32f7xx_ll_usb.o
                0x08004c34                USB_SetDevSpeed
 *fill*         0x08004c42        0x2 
 .text.USB_DevInit
                0x08004c44      0x1ac build/stm32f7xx_ll_usb.o
                0x08004c44                USB_DevInit
 .text.USB_GetDevSpeed
                0x08004df0       0x22 build/stm32f7xx_ll_usb.o
                0x08004df0                USB_GetDevSpeed
 *fill*         0x08004e12        0x2 
 .text.USB_ActivateEndpoint
                0x08004e14       0x98 build/stm32f7xx_ll_usb.o
                0x08004e14                USB_ActivateEndpoint
 .text.USB_DeactivateEndpoint
                0x08004eac       0xe0 build/stm32f7xx_ll_usb.o
                0x08004eac                USB_DeactivateEndpoint
 .text.USB_EPStopXfer
                0x08004f8c       0xbe build/stm32f7xx_ll_usb.o
                0x08004f8c                USB_EPStopXfer
 .text.USB_WritePacket
                0x0800504a       0x2e build/stm32f7xx_ll_usb.o
                0x0800504a                USB_WritePacket
 .text.USB_EPStartXfer
                0x08005078      0x244 build/stm32f7xx_ll_usb.o
                0x08005078                USB_EPStartXfer
 .text.USB_ReadPacket
                0x080052bc       0x46 build/stm32f7xx_ll_usb.o
                0x080052bc                USB_ReadPacket
 .text.USB_EPSetStall
                0x08005302       0x5a build/stm32f7xx_ll_usb.o
                0x08005302                USB_EPSetStall
 .text.USB_EPClearStall
                0x0800535c       0x5c build/stm32f7xx_ll_usb.o
                0x0800535c                USB_EPClearStall
 .text.USB_SetDevAddress
                0x080053b8       0x20 build/stm32f7xx_ll_usb.o
                0x080053b8                USB_SetDevAddress
 .text.USB_DevConnect
                0x080053d8       0x1c build/stm32f7xx_ll_usb.o
                0x080053d8                USB_DevConnect
 .text.USB_DevDisconnect
                0x080053f4       0x1c build/stm32f7xx_ll_usb.o
                0x080053f4                USB_DevDisconnect
 .text.USB_ReadInterrupts
                0x08005410        0x8 build/stm32f7xx_ll_usb.o
                0x08005410                USB_ReadInterrupts
 .text.USB_ReadDevAllOutEpInterrupt
                0x08005418       0x10 build/stm32f7xx_ll_usb.o
                0x08005418                USB_ReadDevAllOutEpInterrupt
 .text.USB_ReadDevAllInEpInterrupt
                0x08005428       0x10 build/stm32f7xx_ll_usb.o
                0x08005428                USB_ReadDevAllInEpInterrupt
 .text.USB_ReadDevOutEPInterrupt
                0x08005438       0x12 build/stm32f7xx_ll_usb.o
                0x08005438                USB_ReadDevOutEPInterrupt
 .text.USB_ReadDevInEPInterrupt
                0x0800544a       0x24 build/stm32f7xx_ll_usb.o
                0x0800544a                USB_ReadDevInEPInterrupt
 .text.USB_GetMode
                0x0800546e        0x8 build/stm32f7xx_ll_usb.o
                0x0800546e                USB_GetMode
 .text.USB_SetCurrentMode
                0x08005476       0x62 build/stm32f7xx_ll_usb.o
                0x08005476                USB_SetCurrentMode
 .text.USB_ActivateSetup
                0x080054d8       0x1c build/stm32f7xx_ll_usb.o
                0x080054d8                USB_ActivateSetup
 .text.USB_EP0_OutStart
                0x080054f4       0x60 build/stm32f7xx_ll_usb.o
                0x080054f4                USB_EP0_OutStart
 .text.SystemInit
                0x08005554       0x14 build/system_stm32f7xx.o
                0x08005554                SystemInit
 .text._sbrk    0x08005568       0x48 build/sysmem.o
                0x08005568                _sbrk
 .text._read    0x080055b0       0x20 build/syscalls.o
                0x080055b0                _read
 .text._close   0x080055d0        0x6 build/syscalls.o
                0x080055d0                _close
 .text._fstat   0x080055d6        0xa build/syscalls.o
                0x080055d6                _fstat
 .text._isatty  0x080055e0        0x4 build/syscalls.o
                0x080055e0                _isatty
 .text._lseek   0x080055e4        0x4 build/syscalls.o
                0x080055e4                _lseek
 .text.PCD_WriteEmptyTxFifo
                0x080055e8       0xd0 build/stm32f7xx_hal_pcd.o
 .text.HAL_PCD_Init
                0x080056b8      0x112 build/stm32f7xx_hal_pcd.o
                0x080056b8                HAL_PCD_Init
 .text.HAL_PCD_Start
                0x080057ca       0x2a build/stm32f7xx_hal_pcd.o
                0x080057ca                HAL_PCD_Start
 .text.PCD_EP_OutXfrComplete_int
                0x080057f4      0x104 build/stm32f7xx_hal_pcd.o
 .text.PCD_EP_OutSetupPacket_int
                0x080058f8       0x50 build/stm32f7xx_hal_pcd.o
 .text.HAL_PCD_SetAddress
                0x08005948       0x26 build/stm32f7xx_hal_pcd.o
                0x08005948                HAL_PCD_SetAddress
 .text.HAL_PCD_EP_Open
                0x0800596e       0x8c build/stm32f7xx_hal_pcd.o
                0x0800596e                HAL_PCD_EP_Open
 .text.HAL_PCD_EP_Close
                0x080059fa       0x70 build/stm32f7xx_hal_pcd.o
                0x080059fa                HAL_PCD_EP_Close
 .text.HAL_PCD_EP_Receive
                0x08005a6a       0x4a build/stm32f7xx_hal_pcd.o
                0x08005a6a                HAL_PCD_EP_Receive
 .text.HAL_PCD_EP_GetRxCount
                0x08005ab4       0x12 build/stm32f7xx_hal_pcd.o
                0x08005ab4                HAL_PCD_EP_GetRxCount
 .text.HAL_PCD_EP_Transmit
                0x08005ac6       0x4a build/stm32f7xx_hal_pcd.o
                0x08005ac6                HAL_PCD_EP_Transmit
 .text.HAL_PCD_EP_SetStall
                0x08005b10       0x86 build/stm32f7xx_hal_pcd.o
                0x08005b10                HAL_PCD_EP_SetStall
 .text.HAL_PCD_EP_ClrStall
                0x08005b96       0x74 build/stm32f7xx_hal_pcd.o
                0x08005b96                HAL_PCD_EP_ClrStall
 .text.HAL_PCD_EP_Abort
                0x08005c0a       0x34 build/stm32f7xx_hal_pcd.o
                0x08005c0a                HAL_PCD_EP_Abort
 .text.HAL_PCD_IRQHandler
                0x08005c3e      0x600 build/stm32f7xx_hal_pcd.o
                0x08005c3e                HAL_PCD_IRQHandler
 .text.HAL_PCDEx_SetTxFiFo
                0x0800623e       0x4c build/stm32f7xx_hal_pcd_ex.o
                0x0800623e                HAL_PCDEx_SetTxFiFo
 .text.HAL_PCDEx_SetRxFiFo
                0x0800628a        0x8 build/stm32f7xx_hal_pcd_ex.o
                0x0800628a                HAL_PCDEx_SetRxFiFo
 *fill*         0x08006292        0x2 
 .text.HAL_PCDEx_ActivateLPM
                0x08006294       0x28 build/stm32f7xx_hal_pcd_ex.o
                0x08006294                HAL_PCDEx_ActivateLPM
 .text.MX_USB_DEVICE_Init
                0x080062bc       0x54 build/usb_device.o
                0x080062bc                MX_USB_DEVICE_Init
 .text.USBD_FS_DeviceDescriptor
                0x08006310        0xc build/usbd_desc.o
                0x08006310                USBD_FS_DeviceDescriptor
 .text.USBD_FS_LangIDStrDescriptor
                0x0800631c        0xc build/usbd_desc.o
                0x0800631c                USBD_FS_LangIDStrDescriptor
 .text.USBD_FS_USR_BOSDescriptor
                0x08006328        0xc build/usbd_desc.o
                0x08006328                USBD_FS_USR_BOSDescriptor
 .text.IntToUnicode
                0x08006334       0x46 build/usbd_desc.o
 *fill*         0x0800637a        0x2 
 .text.Get_SerialNum
                0x0800637c       0x38 build/usbd_desc.o
 .text.USBD_FS_SerialStrDescriptor
                0x080063b4       0x14 build/usbd_desc.o
                0x080063b4                USBD_FS_SerialStrDescriptor
 .text.USBD_FS_ProductStrDescriptor
                0x080063c8       0x24 build/usbd_desc.o
                0x080063c8                USBD_FS_ProductStrDescriptor
 .text.USBD_FS_ManufacturerStrDescriptor
                0x080063ec       0x1c build/usbd_desc.o
                0x080063ec                USBD_FS_ManufacturerStrDescriptor
 .text.USBD_FS_ConfigStrDescriptor
                0x08006408       0x24 build/usbd_desc.o
                0x08006408                USBD_FS_ConfigStrDescriptor
 .text.USBD_FS_InterfaceStrDescriptor
                0x0800642c       0x24 build/usbd_desc.o
                0x0800642c                USBD_FS_InterfaceStrDescriptor
 .text.CDC_DeInit_FS
                0x08006450        0x4 build/usbd_cdc_if.o
 .text.CDC_Control_FS
                0x08006454        0x4 build/usbd_cdc_if.o
 .text.CDC_TransmitCplt_FS
                0x08006458        0x4 build/usbd_cdc_if.o
 .text.CDC_Receive_FS
                0x0800645c       0x1c build/usbd_cdc_if.o
 .text.CDC_Init_FS
                0x08006478       0x28 build/usbd_cdc_if.o
 .text.CDC_Transmit_FS
                0x080064a0       0x2c build/usbd_cdc_if.o
                0x080064a0                CDC_Transmit_FS
 .text.SystemClockConfig_Resume
                0x080064cc        0x8 build/usbd_conf.o
 .text.HAL_PCD_MspInit
                0x080064d4       0xac build/usbd_conf.o
                0x080064d4                HAL_PCD_MspInit
 .text.HAL_PCD_SetupStageCallback
                0x08006580       0x10 build/usbd_conf.o
                0x08006580                HAL_PCD_SetupStageCallback
 .text.HAL_PCD_DataOutStageCallback
                0x08006590       0x18 build/usbd_conf.o
                0x08006590                HAL_PCD_DataOutStageCallback
 .text.HAL_PCD_DataInStageCallback
                0x080065a8       0x16 build/usbd_conf.o
                0x080065a8                HAL_PCD_DataInStageCallback
 .text.HAL_PCD_SOFCallback
                0x080065be        0xc build/usbd_conf.o
                0x080065be                HAL_PCD_SOFCallback
 .text.HAL_PCD_ResetCallback
                0x080065ca       0x28 build/usbd_conf.o
                0x080065ca                HAL_PCD_ResetCallback
 *fill*         0x080065f2        0x2 
 .text.HAL_PCD_SuspendCallback
                0x080065f4       0x30 build/usbd_conf.o
                0x080065f4                HAL_PCD_SuspendCallback
 .text.HAL_PCD_ResumeCallback
                0x08006624        0xc build/usbd_conf.o
                0x08006624                HAL_PCD_ResumeCallback
 .text.HAL_PCD_ISOOUTIncompleteCallback
                0x08006630        0xc build/usbd_conf.o
                0x08006630                HAL_PCD_ISOOUTIncompleteCallback
 .text.HAL_PCD_ISOINIncompleteCallback
                0x0800663c        0xc build/usbd_conf.o
                0x0800663c                HAL_PCD_ISOINIncompleteCallback
 .text.HAL_PCD_ConnectCallback
                0x08006648        0xc build/usbd_conf.o
                0x08006648                HAL_PCD_ConnectCallback
 .text.HAL_PCD_DisconnectCallback
                0x08006654        0xc build/usbd_conf.o
                0x08006654                HAL_PCD_DisconnectCallback
 .text.USBD_LL_Init
                0x08006660       0x68 build/usbd_conf.o
                0x08006660                USBD_LL_Init
 .text.USBD_LL_IsStallEP
                0x080066c8       0x2c build/usbd_conf.o
                0x080066c8                USBD_LL_IsStallEP
 .text.USBD_LL_GetRxDataSize
                0x080066f4        0xc build/usbd_conf.o
                0x080066f4                USBD_LL_GetRxDataSize
 .text.HAL_PCDEx_LPM_Callback
                0x08006700       0x60 build/usbd_conf.o
                0x08006700                HAL_PCDEx_LPM_Callback
 .text.USBD_Get_USB_Status
                0x08006760       0x14 build/usbd_conf.o
                0x08006760                USBD_Get_USB_Status
 .text.USBD_LL_Start
                0x08006774       0x10 build/usbd_conf.o
                0x08006774                USBD_LL_Start
 .text.USBD_LL_OpenEP
                0x08006784       0x16 build/usbd_conf.o
                0x08006784                USBD_LL_OpenEP
 .text.USBD_LL_CloseEP
                0x0800679a       0x10 build/usbd_conf.o
                0x0800679a                USBD_LL_CloseEP
 .text.USBD_LL_StallEP
                0x080067aa       0x10 build/usbd_conf.o
                0x080067aa                USBD_LL_StallEP
 .text.USBD_LL_ClearStallEP
                0x080067ba       0x10 build/usbd_conf.o
                0x080067ba                USBD_LL_ClearStallEP
 .text.USBD_LL_SetUSBAddress
                0x080067ca       0x10 build/usbd_conf.o
                0x080067ca                USBD_LL_SetUSBAddress
 .text.USBD_LL_Transmit
                0x080067da       0x10 build/usbd_conf.o
                0x080067da                USBD_LL_Transmit
 .text.USBD_LL_PrepareReceive
                0x080067ea       0x10 build/usbd_conf.o
                0x080067ea                USBD_LL_PrepareReceive
 .text.USBD_Init
                0x080067fa       0x2e build/usbd_core.o
                0x080067fa                USBD_Init
 .text.USBD_RegisterClass
                0x08006828       0x40 build/usbd_core.o
                0x08006828                USBD_RegisterClass
 .text.USBD_Start
                0x08006868        0x8 build/usbd_core.o
                0x08006868                USBD_Start
 .text.USBD_SetClassConfig
                0x08006870       0x12 build/usbd_core.o
                0x08006870                USBD_SetClassConfig
 .text.USBD_ClrClassConfig
                0x08006882       0x12 build/usbd_core.o
                0x08006882                USBD_ClrClassConfig
 .text.USBD_LL_SetupStage
                0x08006894       0x58 build/usbd_core.o
                0x08006894                USBD_LL_SetupStage
 .text.USBD_LL_Reset
                0x080068ec       0x66 build/usbd_core.o
                0x080068ec                USBD_LL_Reset
 .text.USBD_LL_SetSpeed
                0x08006952        0x6 build/usbd_core.o
                0x08006952                USBD_LL_SetSpeed
 .text.USBD_LL_Suspend
                0x08006958       0x1c build/usbd_core.o
                0x08006958                USBD_LL_Suspend
 .text.USBD_LL_Resume
                0x08006974       0x18 build/usbd_core.o
                0x08006974                USBD_LL_Resume
 .text.USBD_LL_SOF
                0x0800698c       0x20 build/usbd_core.o
                0x0800698c                USBD_LL_SOF
 .text.USBD_LL_IsoINIncomplete
                0x080069ac       0x2c build/usbd_core.o
                0x080069ac                USBD_LL_IsoINIncomplete
 .text.USBD_LL_IsoOUTIncomplete
                0x080069d8       0x2c build/usbd_core.o
                0x080069d8                USBD_LL_IsoOUTIncomplete
 .text.USBD_LL_DevConnected
                0x08006a04        0x4 build/usbd_core.o
                0x08006a04                USBD_LL_DevConnected
 .text.USBD_LL_DevDisconnected
                0x08006a08       0x20 build/usbd_core.o
                0x08006a08                USBD_LL_DevDisconnected
 .text.USBD_CoreFindIF
                0x08006a28        0x4 build/usbd_core.o
                0x08006a28                USBD_CoreFindIF
 .text.USBD_CoreFindEP
                0x08006a2c        0x4 build/usbd_core.o
                0x08006a2c                USBD_CoreFindEP
 .text.USBD_LL_DataOutStage
                0x08006a30       0xc6 build/usbd_core.o
                0x08006a30                USBD_LL_DataOutStage
 .text.USBD_LL_DataInStage
                0x08006af6       0xd4 build/usbd_core.o
                0x08006af6                USBD_LL_DataInStage
 .text.USBD_GetNextDesc
                0x08006bca        0xe build/usbd_core.o
                0x08006bca                USBD_GetNextDesc
 .text.USBD_GetEpDesc
                0x08006bd8       0x3e build/usbd_core.o
                0x08006bd8                USBD_GetEpDesc
 .text.USBD_GetLen
                0x08006c16       0x14 build/usbd_ctlreq.o
 .text.USBD_ParseSetupRequest
                0x08006c2a       0x28 build/usbd_ctlreq.o
                0x08006c2a                USBD_ParseSetupRequest
 .text.USBD_CtlError
                0x08006c52       0x14 build/usbd_ctlreq.o
                0x08006c52                USBD_CtlError
 .text.USBD_GetDescriptor
                0x08006c66      0x1ac build/usbd_ctlreq.o
 .text.USBD_SetAddress
                0x08006e12       0x4e build/usbd_ctlreq.o
 .text.USBD_SetConfig
                0x08006e60       0xcc build/usbd_ctlreq.o
 .text.USBD_GetConfig
                0x08006f2c       0x40 build/usbd_ctlreq.o
 .text.USBD_GetStatus
                0x08006f6c       0x38 build/usbd_ctlreq.o
 .text.USBD_SetFeature
                0x08006fa4       0x2a build/usbd_ctlreq.o
 .text.USBD_ClrFeature
                0x08006fce       0x26 build/usbd_ctlreq.o
 .text.USBD_StdDevReq
                0x08006ff4       0x76 build/usbd_ctlreq.o
                0x08006ff4                USBD_StdDevReq
 .text.USBD_StdItfReq
                0x0800706a       0x84 build/usbd_ctlreq.o
                0x0800706a                USBD_StdItfReq
 .text.USBD_StdEPReq
                0x080070ee      0x23c build/usbd_ctlreq.o
                0x080070ee                USBD_StdEPReq
 .text.USBD_GetString
                0x0800732a       0x46 build/usbd_ctlreq.o
                0x0800732a                USBD_GetString
 .text.USBD_CtlSendData
                0x08007370       0x1c build/usbd_ioreq.o
                0x08007370                USBD_CtlSendData
 .text.USBD_CtlContinueSendData
                0x0800738c       0x10 build/usbd_ioreq.o
                0x0800738c                USBD_CtlContinueSendData
 .text.USBD_CtlPrepareRx
                0x0800739c       0x22 build/usbd_ioreq.o
                0x0800739c                USBD_CtlPrepareRx
 .text.USBD_CtlContinueRx
                0x080073be       0x10 build/usbd_ioreq.o
                0x080073be                USBD_CtlContinueRx
 .text.USBD_CtlSendStatus
                0x080073ce       0x16 build/usbd_ioreq.o
                0x080073ce                USBD_CtlSendStatus
 .text.USBD_CtlReceiveStatus
                0x080073e4       0x16 build/usbd_ioreq.o
                0x080073e4                USBD_CtlReceiveStatus
 .text.USBD_CDC_EP0_RxReady
                0x080073fa       0x40 build/usbd_cdc.o
 *fill*         0x0800743a        0x2 
 .text.USBD_CDC_GetDeviceQualifierDescriptor
                0x0800743c        0xc build/usbd_cdc.o
                0x0800743c                USBD_CDC_GetDeviceQualifierDescriptor
 .text.USBD_CDC_GetOtherSpeedCfgDesc
                0x08007448       0x48 build/usbd_cdc.o
 .text.USBD_CDC_GetFSCfgDesc
                0x08007490       0x48 build/usbd_cdc.o
 .text.USBD_CDC_GetHSCfgDesc
                0x080074d8       0x48 build/usbd_cdc.o
 .text.USBD_CDC_DataOut
                0x08007520       0x38 build/usbd_cdc.o
 .text.USBD_CDC_DataIn
                0x08007558       0x7c build/usbd_cdc.o
 .text.USBD_CDC_Setup
                0x080075d4      0x114 build/usbd_cdc.o
 .text.USBD_CDC_DeInit
                0x080076e8       0x64 build/usbd_cdc.o
 .text.USBD_CDC_Init
                0x0800774c       0xee build/usbd_cdc.o
 .text.USBD_CDC_RegisterInterface
                0x0800783a       0x16 build/usbd_cdc.o
                0x0800783a                USBD_CDC_RegisterInterface
 .text.USBD_CDC_SetTxBuffer
                0x08007850       0x1c build/usbd_cdc.o
                0x08007850                USBD_CDC_SetTxBuffer
 .text.USBD_CDC_SetRxBuffer
                0x0800786c       0x18 build/usbd_cdc.o
                0x0800786c                USBD_CDC_SetRxBuffer
 .text.USBD_CDC_TransmitPacket
                0x08007884       0x36 build/usbd_cdc.o
                0x08007884                USBD_CDC_TransmitPacket
 .text.USBD_CDC_ReceivePacket
                0x080078ba       0x38 build/usbd_cdc.o
                0x080078ba                USBD_CDC_ReceivePacket
 *fill*         0x080078f2        0x2 
 .text.BSP_SD_ReadBlocks
                0x080078f4       0x20 build/bsp_driver_sd.o
                0x080078f4                BSP_SD_ReadBlocks
 .text.BSP_SD_WriteBlocks
                0x08007914       0x20 build/bsp_driver_sd.o
                0x08007914                BSP_SD_WriteBlocks
 .text.BSP_SD_GetCardState
                0x08007934       0x14 build/bsp_driver_sd.o
                0x08007934                BSP_SD_GetCardState
 .text.BSP_SD_GetCardInfo
                0x08007948       0x10 build/bsp_driver_sd.o
                0x08007948                BSP_SD_GetCardInfo
 .text.BSP_SD_IsDetected
                0x08007958       0x20 build/bsp_driver_sd.o
                0x08007958                BSP_SD_IsDetected
 .text.BSP_SD_Init
                0x08007978       0x34 build/bsp_driver_sd.o
                0x08007978                BSP_SD_Init
 .text.SD_CheckStatus
                0x080079ac       0x24 build/sd_diskio.o
 .text.SD_initialize
                0x080079d0       0x28 build/sd_diskio.o
                0x080079d0                SD_initialize
 .text.SD_status
                0x080079f8        0x8 build/sd_diskio.o
                0x080079f8                SD_status
 .text.SD_read  0x08007a00       0x24 build/sd_diskio.o
                0x08007a00                SD_read
 .text.SD_write
                0x08007a24       0x24 build/sd_diskio.o
                0x08007a24                SD_write
 .text.SD_ioctl
                0x08007a48       0x58 build/sd_diskio.o
                0x08007a48                SD_ioctl
 .text.BSP_PlatformIsDetected
                0x08007aa0       0x18 build/fatfs_platform.o
                0x08007aa0                BSP_PlatformIsDetected
 .text.MX_FATFS_Init
                0x08007ab8       0x1c build/fatfs.o
                0x08007ab8                MX_FATFS_Init
 .text.FATFS_LinkDriverEx
                0x08007ad4       0x54 build/ff_gen_drv.o
                0x08007ad4                FATFS_LinkDriverEx
 .text.FATFS_LinkDriver
                0x08007b28        0xa build/ff_gen_drv.o
                0x08007b28                FATFS_LinkDriver
 *fill*         0x08007b32        0x2 
 .text.Reset_Handler
                0x08007b34       0x50 build/startup_stm32f722xx.o
                0x08007b34                Reset_Handler
 .text.Default_Handler
                0x08007b84        0x2 build/startup_stm32f722xx.o
                0x08007b84                RTC_Alarm_IRQHandler
                0x08007b84                EXTI2_IRQHandler
                0x08007b84                TIM8_CC_IRQHandler
                0x08007b84                UART8_IRQHandler
                0x08007b84                SPI4_IRQHandler
                0x08007b84                TIM1_CC_IRQHandler
                0x08007b84                DMA2_Stream5_IRQHandler
                0x08007b84                DMA1_Stream5_IRQHandler
                0x08007b84                PVD_IRQHandler
                0x08007b84                TAMP_STAMP_IRQHandler
                0x08007b84                EXTI3_IRQHandler
                0x08007b84                TIM8_TRG_COM_TIM14_IRQHandler
                0x08007b84                TIM1_UP_TIM10_IRQHandler
                0x08007b84                TIM8_UP_TIM13_IRQHandler
                0x08007b84                I2C3_ER_IRQHandler
                0x08007b84                EXTI0_IRQHandler
                0x08007b84                I2C2_EV_IRQHandler
                0x08007b84                DMA1_Stream2_IRQHandler
                0x08007b84                CAN1_RX0_IRQHandler
                0x08007b84                FPU_IRQHandler
                0x08007b84                OTG_HS_WKUP_IRQHandler
                0x08007b84                DMA2_Stream2_IRQHandler
                0x08007b84                SPI1_IRQHandler
                0x08007b84                TIM6_DAC_IRQHandler
                0x08007b84                TIM1_BRK_TIM9_IRQHandler
                0x08007b84                DMA2_Stream3_IRQHandler
                0x08007b84                SAI2_IRQHandler
                0x08007b84                USART6_IRQHandler
                0x08007b84                USART3_IRQHandler
                0x08007b84                CAN1_RX1_IRQHandler
                0x08007b84                UART5_IRQHandler
                0x08007b84                DMA2_Stream0_IRQHandler
                0x08007b84                TIM4_IRQHandler
                0x08007b84                QUADSPI_IRQHandler
                0x08007b84                I2C1_EV_IRQHandler
                0x08007b84                DMA1_Stream6_IRQHandler
                0x08007b84                DMA1_Stream1_IRQHandler
                0x08007b84                UART4_IRQHandler
                0x08007b84                TIM3_IRQHandler
                0x08007b84                RCC_IRQHandler
                0x08007b84                TIM8_BRK_TIM12_IRQHandler
                0x08007b84                Default_Handler
                0x08007b84                EXTI15_10_IRQHandler
                0x08007b84                ADC_IRQHandler
                0x08007b84                DMA1_Stream7_IRQHandler
                0x08007b84                SPI5_IRQHandler
                0x08007b84                TIM7_IRQHandler
                0x08007b84                SDMMC1_IRQHandler
                0x08007b84                TIM5_IRQHandler
                0x08007b84                DMA2_Stream7_IRQHandler
                0x08007b84                I2C3_EV_IRQHandler
                0x08007b84                EXTI9_5_IRQHandler
                0x08007b84                RTC_WKUP_IRQHandler
                0x08007b84                SPI2_IRQHandler
                0x08007b84                OTG_HS_EP1_IN_IRQHandler
                0x08007b84                DMA1_Stream0_IRQHandler
                0x08007b84                CAN1_TX_IRQHandler
                0x08007b84                EXTI4_IRQHandler
                0x08007b84                RNG_IRQHandler
                0x08007b84                OTG_HS_EP1_OUT_IRQHandler
                0x08007b84                WWDG_IRQHandler
                0x08007b84                TIM2_IRQHandler
                0x08007b84                OTG_FS_WKUP_IRQHandler
                0x08007b84                TIM1_TRG_COM_TIM11_IRQHandler
                0x08007b84                OTG_HS_IRQHandler
                0x08007b84                EXTI1_IRQHandler
                0x08007b84                SDMMC2_IRQHandler
                0x08007b84                UART7_IRQHandler
                0x08007b84                USART2_IRQHandler
                0x08007b84                I2C2_ER_IRQHandler
                0x08007b84                DMA2_Stream1_IRQHandler
                0x08007b84                CAN1_SCE_IRQHandler
                0x08007b84                FLASH_IRQHandler
                0x08007b84                DMA2_Stream4_IRQHandler
                0x08007b84                USART1_IRQHandler
                0x08007b84                SPI3_IRQHandler
                0x08007b84                DMA1_Stream4_IRQHandler
                0x08007b84                I2C1_ER_IRQHandler
                0x08007b84                FMC_IRQHandler
                0x08007b84                LPTIM1_IRQHandler
                0x08007b84                DMA2_Stream6_IRQHandler
                0x08007b84                SAI1_IRQHandler
                0x08007b84                DMA1_Stream3_IRQHandler
 *fill*         0x08007b86        0x2 
 .text.malloc   0x08007b88       0x10 C:/Program Files (x86)/Arm GNU Toolchain arm-none-eabi/14.2 rel1/bin/../lib/gcc/arm-none-eabi/14.2.1/thumb/v7e-m+fp/hard\libc_nano.a(libc_a-malloc.o)
                0x08007b88                malloc
 .text.free     0x08007b98       0x10 C:/Program Files (x86)/Arm GNU Toolchain arm-none-eabi/14.2 rel1/bin/../lib/gcc/arm-none-eabi/14.2.1/thumb/v7e-m+fp/hard\libc_nano.a(libc_a-malloc.o)
                0x08007b98                free
 .text.sbrk_aligned
                0x08007ba8       0x44 C:/Program Files (x86)/Arm GNU Toolchain arm-none-eabi/14.2 rel1/bin/../lib/gcc/arm-none-eabi/14.2.1/thumb/v7e-m+fp/hard\libc_nano.a(libc_a-mallocr.o)
 .text._malloc_r
                0x08007bec      0x100 C:/Program Files (x86)/Arm GNU Toolchain arm-none-eabi/14.2 rel1/bin/../lib/gcc/arm-none-eabi/14.2.1/thumb/v7e-m+fp/hard\libc_nano.a(libc_a-mallocr.o)
                0x08007bec                _malloc_r
 .text.__malloc_lock
                0x08007cec        0xc C:/Program Files (x86)/Arm GNU Toolchain arm-none-eabi/14.2 rel1/bin/../lib/gcc/arm-none-eabi/14.2.1/thumb/v7e-m+fp/hard\libc_nano.a(libc_a-mlock.o)
                0x08007cec                __malloc_lock
 .text.__malloc_unlock
                0x08007cf8        0xc C:/Program Files (x86)/Arm GNU Toolchain arm-none-eabi/14.2 rel1/bin/../lib/gcc/arm-none-eabi/14.2.1/thumb/v7e-m+fp/hard\libc_nano.a(libc_a-mlock.o)
                0x08007cf8                __malloc_unlock
 .text.std      0x08007d04       0x6c C:/Program Files (x86)/Arm GNU Toolchain arm-none-eabi/14.2 rel1/bin/../lib/gcc/arm-none-eabi/14.2.1/thumb/v7e-m+fp/hard\libc_nano.a(libc_a-findfp.o)
 .text.stdio_exit_handler
                0x08007d70       0x18 C:/Program Files (x86)/Arm GNU Toolchain arm-none-eabi/14.2 rel1/bin/../lib/gcc/arm-none-eabi/14.2.1/thumb/v7e-m+fp/hard\libc_nano.a(libc_a-findfp.o)
 .text.cleanup_stdio
                0x08007d88       0x40 C:/Program Files (x86)/Arm GNU Toolchain arm-none-eabi/14.2 rel1/bin/../lib/gcc/arm-none-eabi/14.2.1/thumb/v7e-m+fp/hard\libc_nano.a(libc_a-findfp.o)
 .text.global_stdio_init.part.0
                0x08007dc8       0x40 C:/Program Files (x86)/Arm GNU Toolchain arm-none-eabi/14.2 rel1/bin/../lib/gcc/arm-none-eabi/14.2.1/thumb/v7e-m+fp/hard\libc_nano.a(libc_a-findfp.o)
 .text.__sfp_lock_acquire
                0x08007e08        0xc C:/Program Files (x86)/Arm GNU Toolchain arm-none-eabi/14.2 rel1/bin/../lib/gcc/arm-none-eabi/14.2.1/thumb/v7e-m+fp/hard\libc_nano.a(libc_a-findfp.o)
                0x08007e08                __sfp_lock_acquire
 .text.__sfp_lock_release
                0x08007e14        0xc C:/Program Files (x86)/Arm GNU Toolchain arm-none-eabi/14.2 rel1/bin/../lib/gcc/arm-none-eabi/14.2.1/thumb/v7e-m+fp/hard\libc_nano.a(libc_a-findfp.o)
                0x08007e14                __sfp_lock_release
 .text.__sinit  0x08007e20       0x30 C:/Program Files (x86)/Arm GNU Toolchain arm-none-eabi/14.2 rel1/bin/../lib/gcc/arm-none-eabi/14.2.1/thumb/v7e-m+fp/hard\libc_nano.a(libc_a-findfp.o)
                0x08007e20                __sinit
 .text._fwalk_sglue
                0x08007e50       0x3c C:/Program Files (x86)/Arm GNU Toolchain arm-none-eabi/14.2 rel1/bin/../lib/gcc/arm-none-eabi/14.2.1/thumb/v7e-m+fp/hard\libc_nano.a(libc_a-fwalk.o)
                0x08007e50                _fwalk_sglue
 .text.printf   0x08007e8c       0x24 C:/Program Files (x86)/Arm GNU Toolchain arm-none-eabi/14.2 rel1/bin/../lib/gcc/arm-none-eabi/14.2.1/thumb/v7e-m+fp/hard\libc_nano.a(libc_a-printf.o)
                0x08007e8c                iprintf
                0x08007e8c                printf
 .text._puts_r  0x08007eb0       0xaa C:/Program Files (x86)/Arm GNU Toolchain arm-none-eabi/14.2 rel1/bin/../lib/gcc/arm-none-eabi/14.2.1/thumb/v7e-m+fp/hard\libc_nano.a(libc_a-puts.o)
                0x08007eb0                _puts_r
 *fill*         0x08007f5a        0x2 
 .text.puts     0x08007f5c       0x10 C:/Program Files (x86)/Arm GNU Toolchain arm-none-eabi/14.2 rel1/bin/../lib/gcc/arm-none-eabi/14.2.1/thumb/v7e-m+fp/hard\libc_nano.a(libc_a-puts.o)
                0x08007f5c                puts
 .text.__sread  0x08007f6c       0x22 C:/Program Files (x86)/Arm GNU Toolchain arm-none-eabi/14.2 rel1/bin/../lib/gcc/arm-none-eabi/14.2.1/thumb/v7e-m+fp/hard\libc_nano.a(libc_a-stdio.o)
                0x08007f6c                __sread
 .text.__swrite
                0x08007f8e       0x38 C:/Program Files (x86)/Arm GNU Toolchain arm-none-eabi/14.2 rel1/bin/../lib/gcc/arm-none-eabi/14.2.1/thumb/v7e-m+fp/hard\libc_nano.a(libc_a-stdio.o)
                0x08007f8e                __swrite
 .text.__sseek  0x08007fc6       0x26 C:/Program Files (x86)/Arm GNU Toolchain arm-none-eabi/14.2 rel1/bin/../lib/gcc/arm-none-eabi/14.2.1/thumb/v7e-m+fp/hard\libc_nano.a(libc_a-stdio.o)
                0x08007fc6                __sseek
 .text.__sclose
                0x08007fec        0x8 C:/Program Files (x86)/Arm GNU Toolchain arm-none-eabi/14.2 rel1/bin/../lib/gcc/arm-none-eabi/14.2.1/thumb/v7e-m+fp/hard\libc_nano.a(libc_a-stdio.o)
                0x08007fec                __sclose
 .text.__swbuf_r
                0x08007ff4       0x7c C:/Program Files (x86)/Arm GNU Toolchain arm-none-eabi/14.2 rel1/bin/../lib/gcc/arm-none-eabi/14.2.1/thumb/v7e-m+fp/hard\libc_nano.a(libc_a-wbuf.o)
                0x08007ff4                __swbuf_r
 .text.__swsetup_r
                0x08008070       0xa8 C:/Program Files (x86)/Arm GNU Toolchain arm-none-eabi/14.2 rel1/bin/../lib/gcc/arm-none-eabi/14.2.1/thumb/v7e-m+fp/hard\libc_nano.a(libc_a-wsetup.o)
                0x08008070                __swsetup_r
 .text.memset   0x08008118       0x10 C:/Program Files (x86)/Arm GNU Toolchain arm-none-eabi/14.2 rel1/bin/../lib/gcc/arm-none-eabi/14.2.1/thumb/v7e-m+fp/hard\libc_nano.a(libc_a-memset.o)
                0x08008118                memset
 .text._close_r
                0x08008128       0x20 C:/Program Files (x86)/Arm GNU Toolchain arm-none-eabi/14.2 rel1/bin/../lib/gcc/arm-none-eabi/14.2.1/thumb/v7e-m+fp/hard\libc_nano.a(libc_a-closer.o)
                0x08008128                _close_r
 .text._lseek_r
                0x08008148       0x24 C:/Program Files (x86)/Arm GNU Toolchain arm-none-eabi/14.2 rel1/bin/../lib/gcc/arm-none-eabi/14.2.1/thumb/v7e-m+fp/hard\libc_nano.a(libc_a-lseekr.o)
                0x08008148                _lseek_r
 .text._read_r  0x0800816c       0x24 C:/Program Files (x86)/Arm GNU Toolchain arm-none-eabi/14.2 rel1/bin/../lib/gcc/arm-none-eabi/14.2.1/thumb/v7e-m+fp/hard\libc_nano.a(libc_a-readr.o)
                0x0800816c                _read_r
 .text._sbrk_r  0x08008190       0x20 C:/Program Files (x86)/Arm GNU Toolchain arm-none-eabi/14.2 rel1/bin/../lib/gcc/arm-none-eabi/14.2.1/thumb/v7e-m+fp/hard\libc_nano.a(libc_a-sbrkr.o)
                0x08008190                _sbrk_r
 .text._write_r
                0x080081b0       0x24 C:/Program Files (x86)/Arm GNU Toolchain arm-none-eabi/14.2 rel1/bin/../lib/gcc/arm-none-eabi/14.2.1/thumb/v7e-m+fp/hard\libc_nano.a(libc_a-writer.o)
                0x080081b0                _write_r
 .text.__errno  0x080081d4        0xc C:/Program Files (x86)/Arm GNU Toolchain arm-none-eabi/14.2 rel1/bin/../lib/gcc/arm-none-eabi/14.2.1/thumb/v7e-m+fp/hard\libc_nano.a(libc_a-errno.o)
                0x080081d4                __errno
 .text.__libc_init_array
                0x080081e0       0x48 C:/Program Files (x86)/Arm GNU Toolchain arm-none-eabi/14.2 rel1/bin/../lib/gcc/arm-none-eabi/14.2.1/thumb/v7e-m+fp/hard\libc_nano.a(libc_a-init.o)
                0x080081e0                __libc_init_array
 .text.__retarget_lock_init_recursive
                0x08008228        0x2 C:/Program Files (x86)/Arm GNU Toolchain arm-none-eabi/14.2 rel1/bin/../lib/gcc/arm-none-eabi/14.2.1/thumb/v7e-m+fp/hard\libc_nano.a(libc_a-lock.o)
                0x08008228                __retarget_lock_init_recursive
 .text.__retarget_lock_acquire_recursive
                0x0800822a        0x2 C:/Program Files (x86)/Arm GNU Toolchain arm-none-eabi/14.2 rel1/bin/../lib/gcc/arm-none-eabi/14.2.1/thumb/v7e-m+fp/hard\libc_nano.a(libc_a-lock.o)
                0x0800822a                __retarget_lock_acquire_recursive
 .text.__retarget_lock_release_recursive
                0x0800822c        0x2 C:/Program Files (x86)/Arm GNU Toolchain arm-none-eabi/14.2 rel1/bin/../lib/gcc/arm-none-eabi/14.2.1/thumb/v7e-m+fp/hard\libc_nano.a(libc_a-lock.o)
                0x0800822c                __retarget_lock_release_recursive
 *fill*         0x0800822e        0x2 
 .text._free_r  0x08008230       0x94 C:/Program Files (x86)/Arm GNU Toolchain arm-none-eabi/14.2 rel1/bin/../lib/gcc/arm-none-eabi/14.2.1/thumb/v7e-m+fp/hard\libc_nano.a(libc_a-freer.o)
                0x08008230                _free_r
 .text.__sfputc_r
                0x080082c4       0x2e C:/Program Files (x86)/Arm GNU Toolchain arm-none-eabi/14.2 rel1/bin/../lib/gcc/arm-none-eabi/14.2.1/thumb/v7e-m+fp/hard\libc_nano.a(libc_a-nano-vfprintf.o)
 .text.__sfputs_r
                0x080082f2       0x24 C:/Program Files (x86)/Arm GNU Toolchain arm-none-eabi/14.2 rel1/bin/../lib/gcc/arm-none-eabi/14.2.1/thumb/v7e-m+fp/hard\libc_nano.a(libc_a-nano-vfprintf.o)
                0x080082f2                __sfputs_r
 *fill*         0x08008316        0x2 
 .text._vfprintf_r
                0x08008318      0x230 C:/Program Files (x86)/Arm GNU Toolchain arm-none-eabi/14.2 rel1/bin/../lib/gcc/arm-none-eabi/14.2.1/thumb/v7e-m+fp/hard\libc_nano.a(libc_a-nano-vfprintf.o)
                0x08008318                _vfprintf_r
                0x08008318                _vfiprintf_r
 .text._printf_common
                0x08008548       0xda C:/Program Files (x86)/Arm GNU Toolchain arm-none-eabi/14.2 rel1/bin/../lib/gcc/arm-none-eabi/14.2.1/thumb/v7e-m+fp/hard\libc_nano.a(libc_a-nano-vfprintf_i.o)
                0x08008548                _printf_common
 *fill*         0x08008622        0x2 
 .text._printf_i
                0x08008624      0x240 C:/Program Files (x86)/Arm GNU Toolchain arm-none-eabi/14.2 rel1/bin/../lib/gcc/arm-none-eabi/14.2.1/thumb/v7e-m+fp/hard\libc_nano.a(libc_a-nano-vfprintf_i.o)
                0x08008624                _printf_i
 .text.__sflush_r
                0x08008864      0x104 C:/Program Files (x86)/Arm GNU Toolchain arm-none-eabi/14.2 rel1/bin/../lib/gcc/arm-none-eabi/14.2.1/thumb/v7e-m+fp/hard\libc_nano.a(libc_a-fflush.o)
                0x08008864                __sflush_r
 .text._fflush_r
                0x08008968       0x50 C:/Program Files (x86)/Arm GNU Toolchain arm-none-eabi/14.2 rel1/bin/../lib/gcc/arm-none-eabi/14.2.1/thumb/v7e-m+fp/hard\libc_nano.a(libc_a-fflush.o)
                0x08008968                _fflush_r
 .text.__swhatbuf_r
                0x080089b8       0x48 C:/Program Files (x86)/Arm GNU Toolchain arm-none-eabi/14.2 rel1/bin/../lib/gcc/arm-none-eabi/14.2.1/thumb/v7e-m+fp/hard\libc_nano.a(libc_a-makebuf.o)
                0x080089b8                __swhatbuf_r
 .text.__smakebuf_r
                0x08008a00       0x72 C:/Program Files (x86)/Arm GNU Toolchain arm-none-eabi/14.2 rel1/bin/../lib/gcc/arm-none-eabi/14.2.1/thumb/v7e-m+fp/hard\libc_nano.a(libc_a-makebuf.o)
                0x08008a00                __smakebuf_r
 *fill*         0x08008a72        0x2 
 .text._fstat_r
                0x08008a74       0x24 C:/Program Files (x86)/Arm GNU Toolchain arm-none-eabi/14.2 rel1/bin/../lib/gcc/arm-none-eabi/14.2.1/thumb/v7e-m+fp/hard\libc_nano.a(libc_a-fstatr.o)
                0x08008a74                _fstat_r
 .text._isatty_r
                0x08008a98       0x20 C:/Program Files (x86)/Arm GNU Toolchain arm-none-eabi/14.2 rel1/bin/../lib/gcc/arm-none-eabi/14.2.1/thumb/v7e-m+fp/hard\libc_nano.a(libc_a-isattyr.o)
                0x08008a98                _isatty_r
 .text.__udivmoddi4
                0x08008ab8      0x2f8 C:/Program Files (x86)/Arm GNU Toolchain arm-none-eabi/14.2 rel1/bin/../lib/gcc/arm-none-eabi/14.2.1/thumb/v7e-m+fp/hard\libgcc.a(_udivmoddi4.o)
                0x08008ab8                __udivmoddi4
 *(.glue_7)
 .glue_7        0x08008db0        0x0 linker stubs
 *(.glue_7t)
 .glue_7t       0x08008db0        0x0 linker stubs
 *(.eh_frame)
 .eh_frame      0x08008db0        0x0 C:/Program Files (x86)/Arm GNU Toolchain arm-none-eabi/14.2 rel1/bin/../lib/gcc/arm-none-eabi/14.2.1/thumb/v7e-m+fp/hard/crtbegin.o
 *(.init)
 .init          0x08008db0        0x4 C:/Program Files (x86)/Arm GNU Toolchain arm-none-eabi/14.2 rel1/bin/../lib/gcc/arm-none-eabi/14.2.1/thumb/v7e-m+fp/hard/crti.o
                0x08008db0                _init
 .init          0x08008db4        0x8 C:/Program Files (x86)/Arm GNU Toolchain arm-none-eabi/14.2 rel1/bin/../lib/gcc/arm-none-eabi/14.2.1/thumb/v7e-m+fp/hard/crtn.o
 *(.fini)
 .fini          0x08008dbc        0x4 C:/Program Files (x86)/Arm GNU Toolchain arm-none-eabi/14.2 rel1/bin/../lib/gcc/arm-none-eabi/14.2.1/thumb/v7e-m+fp/hard/crti.o
                0x08008dbc                _fini
 .fini          0x08008dc0        0x8 C:/Program Files (x86)/Arm GNU Toolchain arm-none-eabi/14.2 rel1/bin/../lib/gcc/arm-none-eabi/14.2.1/thumb/v7e-m+fp/hard/crtn.o
                0x08008dc8                        . = ALIGN (0x4)
                0x08008dc8                        _etext = .

.vfp11_veneer   0x08008dc8        0x0
 .vfp11_veneer  0x08008dc8        0x0 linker stubs

.v4_bx          0x08008dc8        0x0
 .v4_bx         0x08008dc8        0x0 linker stubs

.iplt           0x08008dc8        0x0
 .iplt          0x08008dc8        0x0 C:/Program Files (x86)/Arm GNU Toolchain arm-none-eabi/14.2 rel1/bin/../lib/gcc/arm-none-eabi/14.2.1/thumb/v7e-m+fp/hard/crtbegin.o

.rodata         0x08008dc8      0x230
                0x08008dc8                        . = ALIGN (0x4)
 *(.rodata)
 *(.rodata*)
 .rodata.I2C_Scan.str1.4
                0x08008dc8      0x1d6 build/main.o
                                 0x5a (size before relaxing)
 .rodata.Sensor_Check.str1.4
                0x08008f9e       0x73 build/main.o
 .rodata.TestICM45686.str1.4
                0x08008f9e       0x5c build/main.o
 .rodata.ReadBank.str1.4
                0x08008f9e       0x10 build/main.o
 .rodata.ICM_DumpRegisters.str1.4
                0x08008f9e       0x16 build/main.o
 .rodata.ICM_Init.str1.4
                0x08008f9e       0x29 build/main.o
 .rodata.main.str1.4
                0x08008f9e        0xf build/main.o
 *fill*         0x08008f9e        0x2 
 .rodata.AHBPrescTable
                0x08008fa0       0x10 build/system_stm32f7xx.o
                0x08008fa0                AHBPrescTable
 .rodata.USBD_FS_ProductStrDescriptor.str1.4
                0x08008fb0       0x16 build/usbd_desc.o
 .rodata.USBD_FS_ManufacturerStrDescriptor.str1.4
                0x08008fb0       0x13 build/usbd_desc.o
 .rodata.USBD_FS_ConfigStrDescriptor.str1.4
                0x08008fb0        0xb build/usbd_desc.o
 .rodata.USBD_FS_InterfaceStrDescriptor.str1.4
                0x08008fb0        0xe build/usbd_desc.o
 .rodata.SD_Driver
                0x08008fb0       0x14 build/sd_diskio.o
                0x08008fb0                SD_Driver
 .rodata._vfprintf_r.str1.1
                0x08008fc4       0x33 C:/Program Files (x86)/Arm GNU Toolchain arm-none-eabi/14.2 rel1/bin/../lib/gcc/arm-none-eabi/14.2.1/thumb/v7e-m+fp/hard\libc_nano.a(libc_a-nano-vfprintf.o)
                                 0x11 (size before relaxing)
 .rodata._printf_i.str1.1
                0x08008ff7       0x22 C:/Program Files (x86)/Arm GNU Toolchain arm-none-eabi/14.2 rel1/bin/../lib/gcc/arm-none-eabi/14.2.1/thumb/v7e-m+fp/hard\libc_nano.a(libc_a-nano-vfprintf_i.o)
                0x0800901c                        . = ALIGN (0x4)
 *fill*         0x08008ff7        0x1 

.ARM.extab      0x08008ff8        0x0
                0x08008ff8                        . = ALIGN (0x4)
 *(.ARM.extab* .gnu.linkonce.armextab.*)
                0x08008ff8                        . = ALIGN (0x4)

.ARM            0x08008ff8        0x8
                0x08008ff8                        . = ALIGN (0x4)
                0x08008ff8                        __exidx_start = .
 *(.ARM.exidx*)
 .ARM.exidx     0x08008ff8        0x8 C:/Program Files (x86)/Arm GNU Toolchain arm-none-eabi/14.2 rel1/bin/../lib/gcc/arm-none-eabi/14.2.1/thumb/v7e-m+fp/hard\libc_nano.a(libc_a-memchr.o)
 .ARM.exidx.text.__udivmoddi4
                0x08009000        0x0 C:/Program Files (x86)/Arm GNU Toolchain arm-none-eabi/14.2 rel1/bin/../lib/gcc/arm-none-eabi/14.2.1/thumb/v7e-m+fp/hard\libgcc.a(_udivmoddi4.o)
                                  0x8 (size before relaxing)
                0x08009000                        __exidx_end = .
                0x08009000                        . = ALIGN (0x4)

.preinit_array  0x08009000        0x0
                0x08009000                        . = ALIGN (0x4)
                0x08009000                        PROVIDE (__preinit_array_start = .)
 *(.preinit_array*)
                0x08009000                        PROVIDE (__preinit_array_end = .)
                0x08009000                        . = ALIGN (0x4)

.init_array     0x08009000        0x4
                0x08009000                        . = ALIGN (0x4)
                0x08009000                        PROVIDE (__init_array_start = .)
 *(SORT_BY_NAME(.init_array.*))
 *(.init_array*)
 .init_array    0x08009000        0x4 C:/Program Files (x86)/Arm GNU Toolchain arm-none-eabi/14.2 rel1/bin/../lib/gcc/arm-none-eabi/14.2.1/thumb/v7e-m+fp/hard/crtbegin.o
                0x08009004                        PROVIDE (__init_array_end = .)
                0x08009004                        . = ALIGN (0x4)

.fini_array     0x08009004        0x4
                0x08009004                        . = ALIGN (0x4)
                [!provide]                        PROVIDE (__fini_array_start = .)
 *(SORT_BY_NAME(.fini_array.*))
 *(.fini_array*)
 .fini_array    0x08009004        0x4 C:/Program Files (x86)/Arm GNU Toolchain arm-none-eabi/14.2 rel1/bin/../lib/gcc/arm-none-eabi/14.2.1/thumb/v7e-m+fp/hard/crtbegin.o
                [!provide]                        PROVIDE (__fini_array_end = .)
                0x08009008                        . = ALIGN (0x4)
                0x08009008                        _sidata = LOADADDR (.data)

.rel.dyn        0x08009008        0x0
 .rel.iplt      0x08009008        0x0 C:/Program Files (x86)/Arm GNU Toolchain arm-none-eabi/14.2 rel1/bin/../lib/gcc/arm-none-eabi/14.2.1/thumb/v7e-m+fp/hard/crtbegin.o

.data           0x20000000      0x164 load address 0x08009008
                0x20000000                        . = ALIGN (0x4)
                0x20000000                        _sdata = .
 *(.data)
 *(.data*)
 .data.uwTickFreq
                0x20000000        0x1 build/stm32f7xx_hal.o
                0x20000000                uwTickFreq
 *fill*         0x20000001        0x3 
 .data.uwTickPrio
                0x20000004        0x4 build/stm32f7xx_hal.o
                0x20000004                uwTickPrio
 .data.SystemCoreClock
                0x20000008        0x4 build/system_stm32f7xx.o
                0x20000008                SystemCoreClock
 .data.USBD_StringSerial
                0x2000000c       0x1a build/usbd_desc.o
                0x2000000c                USBD_StringSerial
 *fill*         0x20000026        0x2 
 .data.USBD_LangIDDesc
                0x20000028        0x4 build/usbd_desc.o
                0x20000028                USBD_LangIDDesc
 .data.USBD_FS_BOSDesc
                0x2000002c        0xc build/usbd_desc.o
                0x2000002c                USBD_FS_BOSDesc
 .data.USBD_FS_DeviceDesc
                0x20000038       0x12 build/usbd_desc.o
                0x20000038                USBD_FS_DeviceDesc
 *fill*         0x2000004a        0x2 
 .data.FS_Desc  0x2000004c       0x20 build/usbd_desc.o
                0x2000004c                FS_Desc
 .data.USBD_Interface_fops_FS
                0x2000006c       0x14 build/usbd_cdc_if.o
                0x2000006c                USBD_Interface_fops_FS
 .data.USBD_CDC_CfgDesc
                0x20000080       0x43 build/usbd_cdc.o
 *fill*         0x200000c3        0x1 
 .data.USBD_CDC
                0x200000c4       0x38 build/usbd_cdc.o
                0x200000c4                USBD_CDC
 .data.USBD_CDC_DeviceQualifierDesc
                0x200000fc        0xa build/usbd_cdc.o
 .data.Stat     0x20000106        0x1 build/sd_diskio.o
 *fill*         0x20000107        0x1 
 .data.__sglue  0x20000108        0xc C:/Program Files (x86)/Arm GNU Toolchain arm-none-eabi/14.2 rel1/bin/../lib/gcc/arm-none-eabi/14.2.1/thumb/v7e-m+fp/hard\libc_nano.a(libc_a-findfp.o)
                0x20000108                __sglue
 .data._impure_ptr
                0x20000114        0x4 C:/Program Files (x86)/Arm GNU Toolchain arm-none-eabi/14.2 rel1/bin/../lib/gcc/arm-none-eabi/14.2.1/thumb/v7e-m+fp/hard\libc_nano.a(libc_a-impure.o)
                0x20000114                _impure_ptr
 .data._impure_data
                0x20000118       0x4c C:/Program Files (x86)/Arm GNU Toolchain arm-none-eabi/14.2 rel1/bin/../lib/gcc/arm-none-eabi/14.2.1/thumb/v7e-m+fp/hard\libc_nano.a(libc_a-impure.o)
                0x20000118                _impure_data
 *(.RamFunc)
 *(.RamFunc*)
                0x20000164                        . = ALIGN (0x4)
                0x20000164                        _edata = .

.tm_clone_table
                0x20000164        0x0 load address 0x0800916c
 .tm_clone_table
                0x20000164        0x0 C:/Program Files (x86)/Arm GNU Toolchain arm-none-eabi/14.2 rel1/bin/../lib/gcc/arm-none-eabi/14.2.1/thumb/v7e-m+fp/hard/crtbegin.o
 .tm_clone_table
                0x20000164        0x0 C:/Program Files (x86)/Arm GNU Toolchain arm-none-eabi/14.2 rel1/bin/../lib/gcc/arm-none-eabi/14.2.1/thumb/v7e-m+fp/hard/crtend.o

.igot.plt       0x20000164        0x0 load address 0x0800916c
 .igot.plt      0x20000164        0x0 C:/Program Files (x86)/Arm GNU Toolchain arm-none-eabi/14.2 rel1/bin/../lib/gcc/arm-none-eabi/14.2.1/thumb/v7e-m+fp/hard/crtbegin.o
                0x20000164                        . = ALIGN (0x4)

.bss            0x20000164     0x1ccc load address 0x0800916c
                0x20000164                        _sbss = .
                0x20000164                        __bss_start__ = _sbss
 *(.bss)
 *(.bss*)
 .bss.completed.1
                0x20000164        0x1 C:/Program Files (x86)/Arm GNU Toolchain arm-none-eabi/14.2 rel1/bin/../lib/gcc/arm-none-eabi/14.2.1/thumb/v7e-m+fp/hard/crtbegin.o
 *fill*         0x20000165        0x3 
 .bss.object.0  0x20000168       0x18 C:/Program Files (x86)/Arm GNU Toolchain arm-none-eabi/14.2 rel1/bin/../lib/gcc/arm-none-eabi/14.2.1/thumb/v7e-m+fp/hard/crtbegin.o
 .bss.htim2     0x20000180       0x4c build/main.o
                0x20000180                htim2
 .bss.hspi1     0x200001cc       0x64 build/main.o
                0x200001cc                hspi1
 .bss.hsd1      0x20000230       0x84 build/main.o
                0x20000230                hsd1
 .bss.hi2c1     0x200002b4       0x54 build/main.o
                0x200002b4                hi2c1
 .bss.uwTick    0x20000308        0x4 build/stm32f7xx_hal.o
                0x20000308                uwTick
 .bss.__sbrk_heap_end
                0x2000030c        0x4 build/sysmem.o
 .bss.hUsbDeviceFS
                0x20000310      0x2dc build/usb_device.o
                0x20000310                hUsbDeviceFS
 .bss.USBD_StrDesc
                0x200005ec      0x200 build/usbd_desc.o
                0x200005ec                USBD_StrDesc
 .bss.UserTxBufferFS
                0x200007ec      0x800 build/usbd_cdc_if.o
                0x200007ec                UserTxBufferFS
 .bss.UserRxBufferFS
                0x20000fec      0x800 build/usbd_cdc_if.o
                0x20000fec                UserRxBufferFS
 .bss.hpcd_USB_OTG_FS
                0x200017ec      0x4e0 build/usbd_conf.o
                0x200017ec                hpcd_USB_OTG_FS
 .bss.cfgidx.0  0x20001ccc        0x1 build/usbd_ctlreq.o
 *fill*         0x20001ccd        0x3 
 .bss.SDPath    0x20001cd0        0x4 build/fatfs.o
                0x20001cd0                SDPath
 .bss.retSD     0x20001cd4        0x1 build/fatfs.o
                0x20001cd4                retSD
 *fill*         0x20001cd5        0x3 
 .bss.disk      0x20001cd8        0xc build/ff_gen_drv.o
                0x20001cd8                disk
 .bss.__malloc_sbrk_start
                0x20001ce4        0x4 C:/Program Files (x86)/Arm GNU Toolchain arm-none-eabi/14.2 rel1/bin/../lib/gcc/arm-none-eabi/14.2.1/thumb/v7e-m+fp/hard\libc_nano.a(libc_a-mallocr.o)
                0x20001ce4                __malloc_sbrk_start
 .bss.__malloc_free_list
                0x20001ce8        0x4 C:/Program Files (x86)/Arm GNU Toolchain arm-none-eabi/14.2 rel1/bin/../lib/gcc/arm-none-eabi/14.2.1/thumb/v7e-m+fp/hard\libc_nano.a(libc_a-mallocr.o)
                0x20001ce8                __malloc_free_list
 .bss.__sf      0x20001cec      0x138 C:/Program Files (x86)/Arm GNU Toolchain arm-none-eabi/14.2 rel1/bin/../lib/gcc/arm-none-eabi/14.2.1/thumb/v7e-m+fp/hard\libc_nano.a(libc_a-findfp.o)
                0x20001cec                __sf
 .bss.__stdio_exit_handler
                0x20001e24        0x4 C:/Program Files (x86)/Arm GNU Toolchain arm-none-eabi/14.2 rel1/bin/../lib/gcc/arm-none-eabi/14.2.1/thumb/v7e-m+fp/hard\libc_nano.a(libc_a-findfp.o)
                0x20001e24                __stdio_exit_handler
 .bss.errno     0x20001e28        0x4 C:/Program Files (x86)/Arm GNU Toolchain arm-none-eabi/14.2 rel1/bin/../lib/gcc/arm-none-eabi/14.2.1/thumb/v7e-m+fp/hard\libc_nano.a(libc_a-reent.o)
                0x20001e28                errno
 .bss.__lock___malloc_recursive_mutex
                0x20001e2c        0x1 C:/Program Files (x86)/Arm GNU Toolchain arm-none-eabi/14.2 rel1/bin/../lib/gcc/arm-none-eabi/14.2.1/thumb/v7e-m+fp/hard\libc_nano.a(libc_a-lock.o)
                0x20001e2c                __lock___malloc_recursive_mutex
 .bss.__lock___sfp_recursive_mutex
                0x20001e2d        0x1 C:/Program Files (x86)/Arm GNU Toolchain arm-none-eabi/14.2 rel1/bin/../lib/gcc/arm-none-eabi/14.2.1/thumb/v7e-m+fp/hard\libc_nano.a(libc_a-lock.o)
                0x20001e2d                __lock___sfp_recursive_mutex
 *(COMMON)
                0x20001e30                        . = ALIGN (0x4)
 *fill*         0x20001e2e        0x2 
                0x20001e30                        _ebss = .
                0x20001e30                        __bss_end__ = _ebss

._user_heap_stack
                0x20001e30      0x600 load address 0x0800916c
                0x20001e30                        . = ALIGN (0x8)
                [!provide]                        PROVIDE (end = .)
                0x20001e30                        PROVIDE (_end = .)
                0x20002030                        . = (. + _Min_Heap_Size)
 *fill*         0x20001e30      0x200 
                0x20002430                        . = (. + _Min_Stack_Size)
 *fill*         0x20002030      0x400 
                0x20002430                        . = ALIGN (0x8)

/DISCARD/
 libc.a(*)
 libm.a(*)
 libgcc.a(*)
OUTPUT(build/software.elf elf32-littlearm)
LOAD linker stubs
LOAD C:/Program Files (x86)/Arm GNU Toolchain arm-none-eabi/14.2 rel1/bin/../lib/gcc/arm-none-eabi/14.2.1/thumb/v7e-m+fp/hard\libc.a
LOAD C:/Program Files (x86)/Arm GNU Toolchain arm-none-eabi/14.2 rel1/bin/../lib/gcc/arm-none-eabi/14.2.1/thumb/v7e-m+fp/hard\libm.a
LOAD C:/Program Files (x86)/Arm GNU Toolchain arm-none-eabi/14.2 rel1/bin/../lib/gcc/arm-none-eabi/14.2.1/thumb/v7e-m+fp/hard\libgcc.a

.ARM.attributes
                0x00000000       0x30
 .ARM.attributes
                0x00000000       0x22 C:/Program Files (x86)/Arm GNU Toolchain arm-none-eabi/14.2 rel1/bin/../lib/gcc/arm-none-eabi/14.2.1/thumb/v7e-m+fp/hard/crti.o
 .ARM.attributes
                0x00000022       0x34 C:/Program Files (x86)/Arm GNU Toolchain arm-none-eabi/14.2 rel1/bin/../lib/gcc/arm-none-eabi/14.2.1/thumb/v7e-m+fp/hard/crtbegin.o
 .ARM.attributes
                0x00000056       0x34 build/main.o
 .ARM.attributes
                0x0000008a       0x34 build/stm32f7xx_it.o
 .ARM.attributes
                0x000000be       0x34 build/stm32f7xx_hal_msp.o
 .ARM.attributes
                0x000000f2       0x34 build/stm32f7xx_hal_cortex.o
 .ARM.attributes
                0x00000126       0x34 build/stm32f7xx_hal_i2c.o
 .ARM.attributes
                0x0000015a       0x34 build/stm32f7xx_hal_i2c_ex.o
 .ARM.attributes
                0x0000018e       0x34 build/stm32f7xx_hal_rcc.o
 .ARM.attributes
                0x000001c2       0x34 build/stm32f7xx_hal_rcc_ex.o
 .ARM.attributes
                0x000001f6       0x34 build/stm32f7xx_hal_gpio.o
 .ARM.attributes
                0x0000022a       0x34 build/stm32f7xx_hal_pwr.o
 .ARM.attributes
                0x0000025e       0x34 build/stm32f7xx_hal.o
 .ARM.attributes
                0x00000292       0x34 build/stm32f7xx_ll_sdmmc.o
 .ARM.attributes
                0x000002c6       0x34 build/stm32f7xx_hal_sd.o
 .ARM.attributes
                0x000002fa       0x34 build/stm32f7xx_hal_spi.o
 .ARM.attributes
                0x0000032e       0x34 build/stm32f7xx_hal_tim.o
 .ARM.attributes
                0x00000362       0x34 build/stm32f7xx_hal_tim_ex.o
 .ARM.attributes
                0x00000396       0x34 build/stm32f7xx_ll_usb.o
 .ARM.attributes
                0x000003ca       0x34 build/system_stm32f7xx.o
 .ARM.attributes
                0x000003fe       0x34 build/sysmem.o
 .ARM.attributes
                0x00000432       0x34 build/syscalls.o
 .ARM.attributes
                0x00000466       0x34 build/stm32f7xx_hal_pcd.o
 .ARM.attributes
                0x0000049a       0x34 build/stm32f7xx_hal_pcd_ex.o
 .ARM.attributes
                0x000004ce       0x34 build/usb_device.o
 .ARM.attributes
                0x00000502       0x34 build/usbd_desc.o
 .ARM.attributes
                0x00000536       0x34 build/usbd_cdc_if.o
 .ARM.attributes
                0x0000056a       0x34 build/usbd_conf.o
 .ARM.attributes
                0x0000059e       0x34 build/usbd_core.o
 .ARM.attributes
                0x000005d2       0x34 build/usbd_ctlreq.o
 .ARM.attributes
                0x00000606       0x34 build/usbd_ioreq.o
 .ARM.attributes
                0x0000063a       0x34 build/usbd_cdc.o
 .ARM.attributes
                0x0000066e       0x34 build/bsp_driver_sd.o
 .ARM.attributes
                0x000006a2       0x34 build/sd_diskio.o
 .ARM.attributes
                0x000006d6       0x34 build/fatfs_platform.o
 .ARM.attributes
                0x0000070a       0x34 build/fatfs.o
 .ARM.attributes
                0x0000073e       0x34 build/ff_gen_drv.o
 .ARM.attributes
                0x00000772       0x21 build/startup_stm32f722xx.o
 .ARM.attributes
                0x00000793       0x34 C:/Program Files (x86)/Arm GNU Toolchain arm-none-eabi/14.2 rel1/bin/../lib/gcc/arm-none-eabi/14.2.1/thumb/v7e-m+fp/hard\libc_nano.a(libc_a-malloc.o)
 .ARM.attributes
                0x000007c7       0x34 C:/Program Files (x86)/Arm GNU Toolchain arm-none-eabi/14.2 rel1/bin/../lib/gcc/arm-none-eabi/14.2.1/thumb/v7e-m+fp/hard\libc_nano.a(libc_a-mallocr.o)
 .ARM.attributes
                0x000007fb       0x34 C:/Program Files (x86)/Arm GNU Toolchain arm-none-eabi/14.2 rel1/bin/../lib/gcc/arm-none-eabi/14.2.1/thumb/v7e-m+fp/hard\libc_nano.a(libc_a-mlock.o)
 .ARM.attributes
                0x0000082f       0x34 C:/Program Files (x86)/Arm GNU Toolchain arm-none-eabi/14.2 rel1/bin/../lib/gcc/arm-none-eabi/14.2.1/thumb/v7e-m+fp/hard\libc_nano.a(libc_a-findfp.o)
 .ARM.attributes
                0x00000863       0x34 C:/Program Files (x86)/Arm GNU Toolchain arm-none-eabi/14.2 rel1/bin/../lib/gcc/arm-none-eabi/14.2.1/thumb/v7e-m+fp/hard\libc_nano.a(libc_a-fwalk.o)
 .ARM.attributes
                0x00000897       0x34 C:/Program Files (x86)/Arm GNU Toolchain arm-none-eabi/14.2 rel1/bin/../lib/gcc/arm-none-eabi/14.2.1/thumb/v7e-m+fp/hard\libc_nano.a(libc_a-printf.o)
 .ARM.attributes
                0x000008cb       0x34 C:/Program Files (x86)/Arm GNU Toolchain arm-none-eabi/14.2 rel1/bin/../lib/gcc/arm-none-eabi/14.2.1/thumb/v7e-m+fp/hard\libc_nano.a(libc_a-puts.o)
 .ARM.attributes
                0x000008ff       0x34 C:/Program Files (x86)/Arm GNU Toolchain arm-none-eabi/14.2 rel1/bin/../lib/gcc/arm-none-eabi/14.2.1/thumb/v7e-m+fp/hard\libc_nano.a(libc_a-stdio.o)
 .ARM.attributes
                0x00000933       0x34 C:/Program Files (x86)/Arm GNU Toolchain arm-none-eabi/14.2 rel1/bin/../lib/gcc/arm-none-eabi/14.2.1/thumb/v7e-m+fp/hard\libc_nano.a(libc_a-wbuf.o)
 .ARM.attributes
                0x00000967       0x34 C:/Program Files (x86)/Arm GNU Toolchain arm-none-eabi/14.2 rel1/bin/../lib/gcc/arm-none-eabi/14.2.1/thumb/v7e-m+fp/hard\libc_nano.a(libc_a-wsetup.o)
 .ARM.attributes
                0x0000099b       0x34 C:/Program Files (x86)/Arm GNU Toolchain arm-none-eabi/14.2 rel1/bin/../lib/gcc/arm-none-eabi/14.2.1/thumb/v7e-m+fp/hard\libc_nano.a(libc_a-memset.o)
 .ARM.attributes
                0x000009cf       0x34 C:/Program Files (x86)/Arm GNU Toolchain arm-none-eabi/14.2 rel1/bin/../lib/gcc/arm-none-eabi/14.2.1/thumb/v7e-m+fp/hard\libc_nano.a(libc_a-closer.o)
 .ARM.attributes
                0x00000a03       0x34 C:/Program Files (x86)/Arm GNU Toolchain arm-none-eabi/14.2 rel1/bin/../lib/gcc/arm-none-eabi/14.2.1/thumb/v7e-m+fp/hard\libc_nano.a(libc_a-reent.o)
 .ARM.attributes
                0x00000a37       0x34 C:/Program Files (x86)/Arm GNU Toolchain arm-none-eabi/14.2 rel1/bin/../lib/gcc/arm-none-eabi/14.2.1/thumb/v7e-m+fp/hard\libc_nano.a(libc_a-impure.o)
 .ARM.attributes
                0x00000a6b       0x34 C:/Program Files (x86)/Arm GNU Toolchain arm-none-eabi/14.2 rel1/bin/../lib/gcc/arm-none-eabi/14.2.1/thumb/v7e-m+fp/hard\libc_nano.a(libc_a-lseekr.o)
 .ARM.attributes
                0x00000a9f       0x34 C:/Program Files (x86)/Arm GNU Toolchain arm-none-eabi/14.2 rel1/bin/../lib/gcc/arm-none-eabi/14.2.1/thumb/v7e-m+fp/hard\libc_nano.a(libc_a-readr.o)
 .ARM.attributes
                0x00000ad3       0x34 C:/Program Files (x86)/Arm GNU Toolchain arm-none-eabi/14.2 rel1/bin/../lib/gcc/arm-none-eabi/14.2.1/thumb/v7e-m+fp/hard\libc_nano.a(libc_a-sbrkr.o)
 .ARM.attributes
                0x00000b07       0x34 C:/Program Files (x86)/Arm GNU Toolchain arm-none-eabi/14.2 rel1/bin/../lib/gcc/arm-none-eabi/14.2.1/thumb/v7e-m+fp/hard\libc_nano.a(libc_a-writer.o)
 .ARM.attributes
                0x00000b3b       0x34 C:/Program Files (x86)/Arm GNU Toolchain arm-none-eabi/14.2 rel1/bin/../lib/gcc/arm-none-eabi/14.2.1/thumb/v7e-m+fp/hard\libc_nano.a(libc_a-errno.o)
 .ARM.attributes
                0x00000b6f       0x34 C:/Program Files (x86)/Arm GNU Toolchain arm-none-eabi/14.2 rel1/bin/../lib/gcc/arm-none-eabi/14.2.1/thumb/v7e-m+fp/hard\libc_nano.a(libc_a-init.o)
 .ARM.attributes
                0x00000ba3       0x34 C:/Program Files (x86)/Arm GNU Toolchain arm-none-eabi/14.2 rel1/bin/../lib/gcc/arm-none-eabi/14.2.1/thumb/v7e-m+fp/hard\libc_nano.a(libc_a-lock.o)
 .ARM.attributes
                0x00000bd7       0x34 C:/Program Files (x86)/Arm GNU Toolchain arm-none-eabi/14.2 rel1/bin/../lib/gcc/arm-none-eabi/14.2.1/thumb/v7e-m+fp/hard\libc_nano.a(libc_a-freer.o)
 .ARM.attributes
                0x00000c0b       0x34 C:/Program Files (x86)/Arm GNU Toolchain arm-none-eabi/14.2 rel1/bin/../lib/gcc/arm-none-eabi/14.2.1/thumb/v7e-m+fp/hard\libc_nano.a(libc_a-nano-vfprintf.o)
 .ARM.attributes
                0x00000c3f       0x34 C:/Program Files (x86)/Arm GNU Toolchain arm-none-eabi/14.2 rel1/bin/../lib/gcc/arm-none-eabi/14.2.1/thumb/v7e-m+fp/hard\libc_nano.a(libc_a-nano-vfprintf_i.o)
 .ARM.attributes
                0x00000c73       0x34 C:/Program Files (x86)/Arm GNU Toolchain arm-none-eabi/14.2 rel1/bin/../lib/gcc/arm-none-eabi/14.2.1/thumb/v7e-m+fp/hard\libc_nano.a(libc_a-fflush.o)
 .ARM.attributes
                0x00000ca7       0x34 C:/Program Files (x86)/Arm GNU Toolchain arm-none-eabi/14.2 rel1/bin/../lib/gcc/arm-none-eabi/14.2.1/thumb/v7e-m+fp/hard\libc_nano.a(libc_a-makebuf.o)
 .ARM.attributes
                0x00000cdb       0x34 C:/Program Files (x86)/Arm GNU Toolchain arm-none-eabi/14.2 rel1/bin/../lib/gcc/arm-none-eabi/14.2.1/thumb/v7e-m+fp/hard\libc_nano.a(libc_a-fstatr.o)
 .ARM.attributes
                0x00000d0f       0x34 C:/Program Files (x86)/Arm GNU Toolchain arm-none-eabi/14.2 rel1/bin/../lib/gcc/arm-none-eabi/14.2.1/thumb/v7e-m+fp/hard\libc_nano.a(libc_a-isattyr.o)
 .ARM.attributes
                0x00000d43       0x1c C:/Program Files (x86)/Arm GNU Toolchain arm-none-eabi/14.2 rel1/bin/../lib/gcc/arm-none-eabi/14.2.1/thumb/v7e-m+fp/hard\libc_nano.a(libc_a-memchr.o)
 .ARM.attributes
                0x00000d5f       0x22 C:/Program Files (x86)/Arm GNU Toolchain arm-none-eabi/14.2 rel1/bin/../lib/gcc/arm-none-eabi/14.2.1/thumb/v7e-m+fp/hard\libgcc.a(_aeabi_uldivmod.o)
 .ARM.attributes
                0x00000d81       0x34 C:/Program Files (x86)/Arm GNU Toolchain arm-none-eabi/14.2 rel1/bin/../lib/gcc/arm-none-eabi/14.2.1/thumb/v7e-m+fp/hard\libgcc.a(_udivmoddi4.o)
 .ARM.attributes
                0x00000db5       0x22 C:/Program Files (x86)/Arm GNU Toolchain arm-none-eabi/14.2 rel1/bin/../lib/gcc/arm-none-eabi/14.2.1/thumb/v7e-m+fp/hard\libgcc.a(_dvmd_tls.o)
 .ARM.attributes
                0x00000dd7       0x34 C:/Program Files (x86)/Arm GNU Toolchain arm-none-eabi/14.2 rel1/bin/../lib/gcc/arm-none-eabi/14.2.1/thumb/v7e-m+fp/hard/crtend.o
 .ARM.attributes
                0x00000e0b       0x22 C:/Program Files (x86)/Arm GNU Toolchain arm-none-eabi/14.2 rel1/bin/../lib/gcc/arm-none-eabi/14.2.1/thumb/v7e-m+fp/hard/crtn.o

.comment        0x00000000       0x45
 .comment       0x00000000       0x45 build/main.o
                                 0x46 (size before relaxing)
 .comment       0x00000045       0x46 build/stm32f7xx_it.o
 .comment       0x00000045       0x46 build/stm32f7xx_hal_msp.o
 .comment       0x00000045       0x46 build/stm32f7xx_hal_cortex.o
 .comment       0x00000045       0x46 build/stm32f7xx_hal_i2c.o
 .comment       0x00000045       0x46 build/stm32f7xx_hal_i2c_ex.o
 .comment       0x00000045       0x46 build/stm32f7xx_hal_rcc.o
 .comment       0x00000045       0x46 build/stm32f7xx_hal_rcc_ex.o
 .comment       0x00000045       0x46 build/stm32f7xx_hal_gpio.o
 .comment       0x00000045       0x46 build/stm32f7xx_hal_pwr.o
 .comment       0x00000045       0x46 build/stm32f7xx_hal.o
 .comment       0x00000045       0x46 build/stm32f7xx_ll_sdmmc.o
 .comment       0x00000045       0x46 build/stm32f7xx_hal_sd.o
 .comment       0x00000045       0x46 build/stm32f7xx_hal_spi.o
 .comment       0x00000045       0x46 build/stm32f7xx_hal_tim.o
 .comment       0x00000045       0x46 build/stm32f7xx_hal_tim_ex.o
 .comment       0x00000045       0x46 build/stm32f7xx_ll_usb.o
 .comment       0x00000045       0x46 build/system_stm32f7xx.o
 .comment       0x00000045       0x46 build/sysmem.o
 .comment       0x00000045       0x46 build/syscalls.o
 .comment       0x00000045       0x46 build/stm32f7xx_hal_pcd.o
 .comment       0x00000045       0x46 build/stm32f7xx_hal_pcd_ex.o
 .comment       0x00000045       0x46 build/usb_device.o
 .comment       0x00000045       0x46 build/usbd_desc.o
 .comment       0x00000045       0x46 build/usbd_cdc_if.o
 .comment       0x00000045       0x46 build/usbd_conf.o
 .comment       0x00000045       0x46 build/usbd_core.o
 .comment       0x00000045       0x46 build/usbd_ctlreq.o
 .comment       0x00000045       0x46 build/usbd_ioreq.o
 .comment       0x00000045       0x46 build/usbd_cdc.o
 .comment       0x00000045       0x46 build/bsp_driver_sd.o
 .comment       0x00000045       0x46 build/sd_diskio.o
 .comment       0x00000045       0x46 build/fatfs_platform.o
 .comment       0x00000045       0x46 build/fatfs.o
 .comment       0x00000045       0x46 build/ff_gen_drv.o

.debug_info     0x00000000    0x2cd49
 .debug_info    0x00000000     0x3321 build/main.o
 .debug_info    0x00003321      0x78e build/stm32f7xx_it.o
 .debug_info    0x00003aaf     0x1ca6 build/stm32f7xx_hal_msp.o
 .debug_info    0x00005755     0x13f5 build/stm32f7xx_hal_cortex.o
 .debug_info    0x00006b4a     0x4756 build/stm32f7xx_hal_i2c.o
 .debug_info    0x0000b2a0      0xacc build/stm32f7xx_hal_i2c_ex.o
 .debug_info    0x0000bd6c      0xcf2 build/stm32f7xx_hal_rcc.o
 .debug_info    0x0000ca5e      0x936 build/stm32f7xx_hal_rcc_ex.o
 .debug_info    0x0000d394      0x87b build/stm32f7xx_hal_gpio.o
 .debug_info    0x0000dc0f      0xaac build/stm32f7xx_hal_pwr.o
 .debug_info    0x0000e6bb      0xb4f build/stm32f7xx_hal.o
 .debug_info    0x0000f20a     0x1b06 build/stm32f7xx_ll_sdmmc.o
 .debug_info    0x00010d10     0x2a43 build/stm32f7xx_hal_sd.o
 .debug_info    0x00013753     0x22c3 build/stm32f7xx_hal_spi.o
 .debug_info    0x00015a16     0x4296 build/stm32f7xx_hal_tim.o
 .debug_info    0x00019cac     0x1ed0 build/stm32f7xx_hal_tim_ex.o
 .debug_info    0x0001bb7c     0x22c0 build/stm32f7xx_ll_usb.o
 .debug_info    0x0001de3c      0x802 build/system_stm32f7xx.o
 .debug_info    0x0001e63e      0x18c build/sysmem.o
 .debug_info    0x0001e7ca      0x853 build/syscalls.o
 .debug_info    0x0001f01d     0x1f8e build/stm32f7xx_hal_pcd.o
 .debug_info    0x00020fab      0x8b9 build/stm32f7xx_hal_pcd_ex.o
 .debug_info    0x00021864      0x8b4 build/usb_device.o
 .debug_info    0x00022118      0x6e0 build/usbd_desc.o
 .debug_info    0x000227f8      0xb12 build/usbd_cdc_if.o